Archive member included to satisfy reference by file (symbol)

/usr/lib/gcc/arm-none-eabi/4.8/../../../arm-none-eabi/lib/armv7e-m/softfp/libc_nano.a(lib_a-atexit.o)
                              /usr/lib/gcc/arm-none-eabi/4.8/../../../arm-none-eabi/lib/armv7e-m/softfp/rdimon-crt0.o (atexit)
/usr/lib/gcc/arm-none-eabi/4.8/../../../arm-none-eabi/lib/armv7e-m/softfp/libc_nano.a(lib_a-exit.o)
                              /usr/lib/gcc/arm-none-eabi/4.8/../../../arm-none-eabi/lib/armv7e-m/softfp/rdimon-crt0.o (exit)
/usr/lib/gcc/arm-none-eabi/4.8/../../../arm-none-eabi/lib/armv7e-m/softfp/libc_nano.a(lib_a-fini.o)
                              /usr/lib/gcc/arm-none-eabi/4.8/../../../arm-none-eabi/lib/armv7e-m/softfp/rdimon-crt0.o (__libc_fini_array)
/usr/lib/gcc/arm-none-eabi/4.8/../../../arm-none-eabi/lib/armv7e-m/softfp/libc_nano.a(lib_a-impure.o)
                              /usr/lib/gcc/arm-none-eabi/4.8/../../../arm-none-eabi/lib/armv7e-m/softfp/libc_nano.a(lib_a-exit.o) (_global_impure_ptr)
/usr/lib/gcc/arm-none-eabi/4.8/../../../arm-none-eabi/lib/armv7e-m/softfp/libc_nano.a(lib_a-init.o)
                              /usr/lib/gcc/arm-none-eabi/4.8/../../../arm-none-eabi/lib/armv7e-m/softfp/rdimon-crt0.o (__libc_init_array)
/usr/lib/gcc/arm-none-eabi/4.8/../../../arm-none-eabi/lib/armv7e-m/softfp/libc_nano.a(lib_a-memset.o)
                              /usr/lib/gcc/arm-none-eabi/4.8/../../../arm-none-eabi/lib/armv7e-m/softfp/rdimon-crt0.o (memset)
/usr/lib/gcc/arm-none-eabi/4.8/../../../arm-none-eabi/lib/armv7e-m/softfp/libc_nano.a(lib_a-nano-vfprintf_float.o)
                              (_printf_float)
/usr/lib/gcc/arm-none-eabi/4.8/../../../arm-none-eabi/lib/armv7e-m/softfp/libc_nano.a(lib_a-nano-vfprintf_i.o)
                              /usr/lib/gcc/arm-none-eabi/4.8/../../../arm-none-eabi/lib/armv7e-m/softfp/libc_nano.a(lib_a-nano-vfprintf_float.o) (_printf_common)
/usr/lib/gcc/arm-none-eabi/4.8/../../../arm-none-eabi/lib/armv7e-m/softfp/libc_nano.a(lib_a-s_fpclassify.o)
                              /usr/lib/gcc/arm-none-eabi/4.8/../../../arm-none-eabi/lib/armv7e-m/softfp/libc_nano.a(lib_a-nano-vfprintf_float.o) (__fpclassifyd)
/usr/lib/gcc/arm-none-eabi/4.8/../../../arm-none-eabi/lib/armv7e-m/softfp/libc_nano.a(lib_a-strlen.o)
                              /usr/lib/gcc/arm-none-eabi/4.8/../../../arm-none-eabi/lib/armv7e-m/softfp/libc_nano.a(lib_a-nano-vfprintf_float.o) (strlen)
/usr/lib/gcc/arm-none-eabi/4.8/../../../arm-none-eabi/lib/armv7e-m/softfp/libc_nano.a(lib_a-__atexit.o)
                              /usr/lib/gcc/arm-none-eabi/4.8/../../../arm-none-eabi/lib/armv7e-m/softfp/libc_nano.a(lib_a-atexit.o) (__register_exitproc)
/usr/lib/gcc/arm-none-eabi/4.8/../../../arm-none-eabi/lib/armv7e-m/softfp/libc_nano.a(lib_a-__call_atexit.o)
                              /usr/lib/gcc/arm-none-eabi/4.8/../../../arm-none-eabi/lib/armv7e-m/softfp/libc_nano.a(lib_a-__atexit.o) (__call_exitprocs)
/usr/lib/gcc/arm-none-eabi/4.8/../../../arm-none-eabi/lib/armv7e-m/softfp/libc_nano.a(lib_a-dtoa.o)
                              /usr/lib/gcc/arm-none-eabi/4.8/../../../arm-none-eabi/lib/armv7e-m/softfp/libc_nano.a(lib_a-nano-vfprintf_float.o) (_dtoa_r)
/usr/lib/gcc/arm-none-eabi/4.8/../../../arm-none-eabi/lib/armv7e-m/softfp/libc_nano.a(lib_a-locale.o)
                              /usr/lib/gcc/arm-none-eabi/4.8/../../../arm-none-eabi/lib/armv7e-m/softfp/libc_nano.a(lib_a-nano-vfprintf_float.o) (_localeconv_r)
/usr/lib/gcc/arm-none-eabi/4.8/../../../arm-none-eabi/lib/armv7e-m/softfp/libc_nano.a(lib_a-malloc.o)
                              /usr/lib/gcc/arm-none-eabi/4.8/../../../arm-none-eabi/lib/armv7e-m/softfp/libc_nano.a(lib_a-dtoa.o) (malloc)
/usr/lib/gcc/arm-none-eabi/4.8/../../../arm-none-eabi/lib/armv7e-m/softfp/libc_nano.a(lib_a-memcpy-stub.o)
                              /usr/lib/gcc/arm-none-eabi/4.8/../../../arm-none-eabi/lib/armv7e-m/softfp/libc_nano.a(lib_a-dtoa.o) (memcpy)
/usr/lib/gcc/arm-none-eabi/4.8/../../../arm-none-eabi/lib/armv7e-m/softfp/libc_nano.a(lib_a-mprec.o)
                              /usr/lib/gcc/arm-none-eabi/4.8/../../../arm-none-eabi/lib/armv7e-m/softfp/libc_nano.a(lib_a-dtoa.o) (_Balloc)
/usr/lib/gcc/arm-none-eabi/4.8/../../../arm-none-eabi/lib/armv7e-m/softfp/libc_nano.a(lib_a-nano-callocr.o)
                              /usr/lib/gcc/arm-none-eabi/4.8/../../../arm-none-eabi/lib/armv7e-m/softfp/libc_nano.a(lib_a-mprec.o) (_calloc_r)
/usr/lib/gcc/arm-none-eabi/4.8/../../../arm-none-eabi/lib/armv7e-m/softfp/libc_nano.a(lib_a-nano-freer.o)
                              /usr/lib/gcc/arm-none-eabi/4.8/../../../arm-none-eabi/lib/armv7e-m/softfp/libc_nano.a(lib_a-malloc.o) (_free_r)
/usr/lib/gcc/arm-none-eabi/4.8/../../../arm-none-eabi/lib/armv7e-m/softfp/libc_nano.a(lib_a-nano-mallocr.o)
                              /usr/lib/gcc/arm-none-eabi/4.8/../../../arm-none-eabi/lib/armv7e-m/softfp/libc_nano.a(lib_a-malloc.o) (_malloc_r)
[...]
Memory Configuration

Name             Origin             Length             Attributes
FLASH            0x0000000008000000 0x0000000000040000 xr
RAM              0x0000000020000000 0x000000000000a000 xrw
CCMRAM           0x0000000010000000 0x0000000000002000 rw
*default*        0x0000000000000000 0xffffffffffffffff

Linker script and memory map

LOAD /usr/lib/gcc/arm-none-eabi/4.8/armv7e-m/softfp/crti.o
LOAD /usr/lib/gcc/arm-none-eabi/4.8/armv7e-m/softfp/crtbegin.o
LOAD /usr/lib/gcc/arm-none-eabi/4.8/../../../arm-none-eabi/lib/armv7e-m/softfp/rdimon-crt0.o
LOAD build/system_stm32f3xx.o
LOAD build/stm32f3xx_hal.o
LOAD build/stm32f3xx_hal_can.o
LOAD build/stm32f3xx_hal_cortex.o
LOAD build/stm32f3xx_hal_dma.o
LOAD build/stm32f3xx_hal_flash.o
LOAD build/stm32f3xx_hal_flash_ex.o
LOAD build/stm32f3xx_hal_gpio.o
LOAD build/stm32f3xx_hal_i2c.o
LOAD build/stm32f3xx_hal_i2c_ex.o
LOAD build/stm32f3xx_hal_pwr.o
LOAD build/stm32f3xx_hal_pwr_ex.o
LOAD build/stm32f3xx_hal_rcc.o
LOAD build/stm32f3xx_hal_rcc_ex.o
LOAD build/stm32f3xx_hal_tim.o
LOAD build/stm32f3xx_hal_tim_ex.o
LOAD build/main.o
LOAD build/stm32f3xx_hal_msp.o
LOAD build/stm32f3xx_it.o
LOAD build/startup_stm32f303xc.o
LOAD /usr/lib/gcc/arm-none-eabi/4.8/../../../arm-none-eabi/lib/armv7e-m/softfp/libc_nano.a
LOAD /usr/lib/gcc/arm-none-eabi/4.8/../../../arm-none-eabi/lib/armv7e-m/softfp/librdimon_nano.a
LOAD /usr/lib/gcc/arm-none-eabi/4.8/../../../arm-none-eabi/lib/armv7e-m/softfp/libc_nano.a
LOAD /usr/lib/gcc/arm-none-eabi/4.8/../../../arm-none-eabi/lib/armv7e-m/softfp/libm.a
LOAD /usr/lib/gcc/arm-none-eabi/4.8/../../../arm-none-eabi/lib/armv7e-m/softfp/libnosys.a
START GROUP
LOAD /usr/lib/gcc/arm-none-eabi/4.8/armv7e-m/softfp/libgcc.a
LOAD /usr/lib/gcc/arm-none-eabi/4.8/../../../arm-none-eabi/lib/armv7e-m/softfp/libc_nano.a
END GROUP
START GROUP
LOAD /usr/lib/gcc/arm-none-eabi/4.8/armv7e-m/softfp/libgcc.a
LOAD /usr/lib/gcc/arm-none-eabi/4.8/../../../arm-none-eabi/lib/armv7e-m/softfp/libc_nano.a
LOAD /usr/lib/gcc/arm-none-eabi/4.8/../../../arm-none-eabi/lib/armv7e-m/softfp/libnosys.a
END GROUP
START GROUP
LOAD /usr/lib/gcc/arm-none-eabi/4.8/armv7e-m/softfp/libgcc.a
LOAD /usr/lib/gcc/arm-none-eabi/4.8/../../../arm-none-eabi/lib/armv7e-m/softfp/libc_nano.a
LOAD /usr/lib/gcc/arm-none-eabi/4.8/../../../arm-none-eabi/lib/armv7e-m/softfp/librdimon_nano.a
LOAD /usr/lib/gcc/arm-none-eabi/4.8/../../../arm-none-eabi/lib/armv7e-m/softfp/libnosys.a
END GROUP
START GROUP
LOAD /usr/lib/gcc/arm-none-eabi/4.8/armv7e-m/softfp/libgcc.a
LOAD /usr/lib/gcc/arm-none-eabi/4.8/../../../arm-none-eabi/lib/armv7e-m/softfp/libc_nano.a
LOAD /usr/lib/gcc/arm-none-eabi/4.8/../../../arm-none-eabi/lib/armv7e-m/softfp/librdimon_nano.a
END GROUP
LOAD /usr/lib/gcc/arm-none-eabi/4.8/armv7e-m/softfp/crtend.o
LOAD /usr/lib/gcc/arm-none-eabi/4.8/armv7e-m/softfp/crtn.o
                0x000000002000a000                _estack = 0x2000a000
                0x0000000000000200                _Min_Heap_Size = 0x200
                0x0000000000000400                _Min_Stack_Size = 0x400

.isr_vector     0x0000000008000000      0x188
                0x0000000008000000                . = ALIGN (0x4)
 *(.isr_vector)
 .isr_vector    0x0000000008000000      0x188 build/startup_stm32f303xc.o
                0x0000000008000000                g_pfnVectors
                0x0000000008000188                . = ALIGN (0x4)

.text           0x0000000008000188     0x4cd0
                0x0000000008000188                . = ALIGN (0x4)
 *(.text)
 .text          0x0000000008000188       0xac /usr/lib/gcc/arm-none-eabi/4.8/armv7e-m/softfp/crtbegin.o
 .text          0x0000000008000234      0x370 /usr/lib/gcc/arm-none-eabi/4.8/armv7e-m/softfp/libgcc.a(_arm_addsubdf3.o)
                0x0000000008000234                __aeabi_drsub
                0x000000000800023c                __aeabi_dsub
                0x000000000800023c                __subdf3
                0x0000000008000240                __adddf3
                0x0000000008000240                __aeabi_dadd
                0x00000000080004b8                __aeabi_ui2d
                0x00000000080004b8                __floatunsidf
                0x00000000080004d8                __floatsidf
                0x00000000080004d8                __aeabi_i2d
                0x00000000080004fc                __extendsfdf2
                0x00000000080004fc                __aeabi_f2d
                0x0000000008000538                __aeabi_ul2d
                0x0000000008000538                __floatundidf
                0x0000000008000548                __floatdidf
                0x0000000008000548                __aeabi_l2d
 .text          0x00000000080005a4      0x424 /usr/lib/gcc/arm-none-eabi/4.8/armv7e-m/softfp/libgcc.a(_arm_muldivdf3.o)
                0x00000000080005a4                __aeabi_dmul
                0x00000000080005a4                __muldf3
                0x00000000080007f8                __aeabi_ddiv
                0x00000000080007f8                __divdf3
 .text          0x00000000080009c8      0x110 /usr/lib/gcc/arm-none-eabi/4.8/armv7e-m/softfp/libgcc.a(_arm_cmpdf2.o)
                0x00000000080009c8                __gtdf2
                0x00000000080009c8                __gedf2
                0x00000000080009d0                __ltdf2
                0x00000000080009d0                __ledf2
                0x00000000080009d8                __cmpdf2
                0x00000000080009d8                __eqdf2
                0x00000000080009d8                __nedf2
                0x0000000008000a54                __aeabi_cdrcmple
                0x0000000008000a64                __aeabi_cdcmple
                0x0000000008000a64                __aeabi_cdcmpeq
                0x0000000008000a74                __aeabi_dcmpeq
                0x0000000008000a88                __aeabi_dcmplt
                0x0000000008000a9c                __aeabi_dcmple
                0x0000000008000ab0                __aeabi_dcmpge
                0x0000000008000ac4                __aeabi_dcmpgt
 .text          0x0000000008000ad8       0x50 /usr/lib/gcc/arm-none-eabi/4.8/armv7e-m/softfp/libgcc.a(_arm_fixdfsi.o)
                0x0000000008000ad8                __fixdfsi
                0x0000000008000ad8                __aeabi_d2iz
 *(.text*)
 .text.SystemInit
                0x0000000008000b28       0x94 build/system_stm32f3xx.o
                0x0000000008000b28                SystemInit
 .text.HAL_Init
                0x0000000008000bbc       0x2c build/stm32f3xx_hal.o
                0x0000000008000bbc                HAL_Init
 .text.HAL_InitTick
                0x0000000008000be8       0x38 build/stm32f3xx_hal.o
                0x0000000008000be8                HAL_InitTick
 .text.HAL_IncTick
                0x0000000008000c20       0x1c build/stm32f3xx_hal.o
                0x0000000008000c20                HAL_IncTick
 .text.HAL_GetTick
                0x0000000008000c3c       0x18 build/stm32f3xx_hal.o
                0x0000000008000c3c                HAL_GetTick
 .text.HAL_Delay
                0x0000000008000c54       0x28 build/stm32f3xx_hal.o
                0x0000000008000c54                HAL_Delay
 .text.HAL_CAN_Init
                0x0000000008000c7c      0x248 build/stm32f3xx_hal_can.o
                0x0000000008000c7c                HAL_CAN_Init
 .text.HAL_CAN_Transmit
                0x0000000008000ec4      0x2d4 build/stm32f3xx_hal_can.o
                0x0000000008000ec4                HAL_CAN_Transmit
 .text.HAL_CAN_Receive
                0x0000000008001198      0x274 build/stm32f3xx_hal_can.o
                0x0000000008001198                HAL_CAN_Receive
 .text.NVIC_SetPriorityGrouping
                0x000000000800140c       0x48 build/stm32f3xx_hal_cortex.o
 .text.NVIC_GetPriorityGrouping
                0x0000000008001454       0x1c build/stm32f3xx_hal_cortex.o
 .text.NVIC_SetPriority
                0x0000000008001470       0x54 build/stm32f3xx_hal_cortex.o
 .text.NVIC_EncodePriority
                0x00000000080014c4       0x64 build/stm32f3xx_hal_cortex.o
 .text.SysTick_Config
                0x0000000008001528       0x44 build/stm32f3xx_hal_cortex.o
 .text.HAL_NVIC_SetPriorityGrouping
                0x000000000800156c       0x14 build/stm32f3xx_hal_cortex.o
                0x000000000800156c                HAL_NVIC_SetPriorityGrouping
 .text.HAL_NVIC_SetPriority
                0x0000000008001580       0x38 build/stm32f3xx_hal_cortex.o
                0x0000000008001580                HAL_NVIC_SetPriority
 .text.HAL_SYSTICK_Config
                0x00000000080015b8       0x18 build/stm32f3xx_hal_cortex.o
                0x00000000080015b8                HAL_SYSTICK_Config
 .text.HAL_SYSTICK_CLKSourceConfig
                0x00000000080015d0       0x38 build/stm32f3xx_hal_cortex.o
                0x00000000080015d0                HAL_SYSTICK_CLKSourceConfig
 .text.HAL_SYSTICK_IRQHandler
                0x0000000008001608        0xc build/stm32f3xx_hal_cortex.o
                0x0000000008001608                HAL_SYSTICK_IRQHandler
 .text.HAL_SYSTICK_Callback
                0x0000000008001614        0xc build/stm32f3xx_hal_cortex.o
                0x0000000008001614                HAL_SYSTICK_Callback
 .text.HAL_GPIO_Init
                0x0000000008001620      0x2f8 build/stm32f3xx_hal_gpio.o
                0x0000000008001620                HAL_GPIO_Init
 .text.HAL_GPIO_WritePin
                0x0000000008001918       0x30 build/stm32f3xx_hal_gpio.o
                0x0000000008001918                HAL_GPIO_WritePin
 .text.HAL_RCC_OscConfig
                0x0000000008001948     0x1170 build/stm32f3xx_hal_rcc.o
                0x0000000008001948                HAL_RCC_OscConfig
 .text.HAL_RCC_ClockConfig
                0x0000000008002ab8      0x3f8 build/stm32f3xx_hal_rcc.o
                0x0000000008002ab8                HAL_RCC_ClockConfig
 .text.HAL_RCC_GetSysClockFreq
                0x0000000008002eb0       0xd4 build/stm32f3xx_hal_rcc.o
                0x0000000008002eb0                HAL_RCC_GetSysClockFreq
 .text.HAL_RCC_GetHCLKFreq
                0x0000000008002f84       0x18 build/stm32f3xx_hal_rcc.o
                0x0000000008002f84                HAL_RCC_GetHCLKFreq
 .text.main     0x0000000008002f9c       0xb0 build/main.o
                0x0000000008002f9c                main
 .text.SystemClock_Config
                0x000000000800304c       0x90 build/main.o
                0x000000000800304c                SystemClock_Config
 .text.MX_CAN_Init
                0x00000000080030dc       0x68 build/main.o
 .text.MX_GPIO_Init
                0x0000000008003144      0x130 build/main.o
 .text.Error_Handler
                0x0000000008003274        0x8 build/main.o
                0x0000000008003274                Error_Handler
 .text.HAL_MspInit
                0x000000000800327c       0x84 build/stm32f3xx_hal_msp.o
                0x000000000800327c                HAL_MspInit
 .text.HAL_CAN_MspInit
                0x0000000008003300       0x5c build/stm32f3xx_hal_msp.o
                0x0000000008003300                HAL_CAN_MspInit
 .text.SysTick_Handler
                0x000000000800335c       0x10 build/stm32f3xx_it.o
                0x000000000800335c                SysTick_Handler
 .text.Reset_Handler
                0x000000000800336c       0x50 build/startup_stm32f303xc.o
                0x000000000800336c                Reset_Handler
 .text.Default_Handler
                0x00000000080033bc        0x2 build/startup_stm32f303xc.o
                0x00000000080033bc                RTC_Alarm_IRQHandler
                0x00000000080033bc                TIM8_TRG_COM_IRQHandler
                0x00000000080033bc                TIM8_CC_IRQHandler
                0x00000000080033bc                DebugMon_Handler
                0x00000000080033bc                TIM1_CC_IRQHandler
                0x00000000080033bc                HardFault_Handler
                0x00000000080033bc                USB_HP_IRQHandler
                0x00000000080033bc                PVD_IRQHandler
                0x00000000080033bc                TAMP_STAMP_IRQHandler
                0x00000000080033bc                PendSV_Handler
                0x00000000080033bc                NMI_Handler
                0x00000000080033bc                EXTI3_IRQHandler
                0x00000000080033bc                USB_HP_CAN_TX_IRQHandler
                0x00000000080033bc                EXTI0_IRQHandler
                0x00000000080033bc                I2C2_EV_IRQHandler
                0x00000000080033bc                FPU_IRQHandler
                0x00000000080033bc                TIM1_UP_TIM16_IRQHandler
                0x00000000080033bc                UsageFault_Handler
                0x00000000080033bc                ADC1_2_IRQHandler
                0x00000000080033bc                SPI1_IRQHandler
                0x00000000080033bc                CAN_SCE_IRQHandler
                0x00000000080033bc                TIM6_DAC_IRQHandler
                0x00000000080033bc                TIM8_UP_IRQHandler
                0x00000000080033bc                DMA2_Channel2_IRQHandler
                0x00000000080033bc                DMA1_Channel4_IRQHandler
                0x00000000080033bc                USART3_IRQHandler
                0x00000000080033bc                DMA1_Channel7_IRQHandler
                0x00000000080033bc                UART5_IRQHandler
                0x00000000080033bc                ADC3_IRQHandler
                0x00000000080033bc                TIM4_IRQHandler
                0x00000000080033bc                CAN_RX1_IRQHandler
                0x00000000080033bc                DMA2_Channel1_IRQHandler
                0x00000000080033bc                I2C1_EV_IRQHandler
                0x00000000080033bc                DMA1_Channel6_IRQHandler
                0x00000000080033bc                UART4_IRQHandler
                0x00000000080033bc                DMA2_Channel4_IRQHandler
                0x00000000080033bc                TIM3_IRQHandler
                0x00000000080033bc                RCC_IRQHandler
                0x00000000080033bc                DMA1_Channel1_IRQHandler
                0x00000000080033bc                Default_Handler
                0x00000000080033bc                USBWakeUp_RMP_IRQHandler
                0x00000000080033bc                EXTI15_10_IRQHandler
                0x00000000080033bc                TIM7_IRQHandler
                0x00000000080033bc                EXTI9_5_IRQHandler
                0x00000000080033bc                RTC_WKUP_IRQHandler
                0x00000000080033bc                SPI2_IRQHandler
                0x00000000080033bc                USB_LP_CAN_RX0_IRQHandler
                0x00000000080033bc                MemManage_Handler
                0x00000000080033bc                SVC_Handler
                0x00000000080033bc                DMA2_Channel5_IRQHandler
                0x00000000080033bc                DMA1_Channel5_IRQHandler
                0x00000000080033bc                USB_LP_IRQHandler
                0x00000000080033bc                EXTI4_IRQHandler
                0x00000000080033bc                TIM1_TRG_COM_TIM17_IRQHandler
                0x00000000080033bc                DMA1_Channel3_IRQHandler
                0x00000000080033bc                ADC4_IRQHandler
                0x00000000080033bc                WWDG_IRQHandler
                0x00000000080033bc                TIM2_IRQHandler
                0x00000000080033bc                COMP7_IRQHandler
                0x00000000080033bc                COMP1_2_3_IRQHandler
                0x00000000080033bc                EXTI1_IRQHandler
                0x00000000080033bc                USART2_IRQHandler
                0x00000000080033bc                COMP4_5_6_IRQHandler
                0x00000000080033bc                I2C2_ER_IRQHandler
                0x00000000080033bc                DMA1_Channel2_IRQHandler
                0x00000000080033bc                TIM8_BRK_IRQHandler
                0x00000000080033bc                FLASH_IRQHandler
                0x00000000080033bc                BusFault_Handler
                0x00000000080033bc                USART1_IRQHandler
                0x00000000080033bc                SPI3_IRQHandler
                0x00000000080033bc                I2C1_ER_IRQHandler
                0x00000000080033bc                USBWakeUp_IRQHandler
                0x00000000080033bc                DMA2_Channel3_IRQHandler
                0x00000000080033bc                EXTI2_TSC_IRQHandler
                0x00000000080033bc                TIM1_BRK_TIM15_IRQHandler
 *fill*         0x00000000080033be        0x2 
 .text.__libc_init_array
                0x00000000080033c0       0x4c /usr/lib/gcc/arm-none-eabi/4.8/../../../arm-none-eabi/lib/armv7e-m/softfp/libc_nano.a(lib_a-init.o)
                0x00000000080033c0                __libc_init_array
 .text.memset   0x000000000800340c       0x10 /usr/lib/gcc/arm-none-eabi/4.8/../../../arm-none-eabi/lib/armv7e-m/softfp/libc_nano.a(lib_a-memset.o)
                0x000000000800340c                memset
 .text.__cvt    0x000000000800341c       0xc0 /usr/lib/gcc/arm-none-eabi/4.8/../../../arm-none-eabi/lib/armv7e-m/softfp/libc_nano.a(lib_a-nano-vfprintf_float.o)
                0x000000000800341c                __cvt
 .text.__exponent
                0x00000000080034dc       0x66 /usr/lib/gcc/arm-none-eabi/4.8/../../../arm-none-eabi/lib/armv7e-m/softfp/libc_nano.a(lib_a-nano-vfprintf_float.o)
                0x00000000080034dc                __exponent
 *fill*         0x0000000008003542        0x2 
 .text._printf_float
                0x0000000008003544      0x41c /usr/lib/gcc/arm-none-eabi/4.8/../../../arm-none-eabi/lib/armv7e-m/softfp/libc_nano.a(lib_a-nano-vfprintf_float.o)
                0x0000000008003544                _printf_float
 .text._printf_common
                0x0000000008003960       0xe4 /usr/lib/gcc/arm-none-eabi/4.8/../../../arm-none-eabi/lib/armv7e-m/softfp/libc_nano.a(lib_a-nano-vfprintf_i.o)
                0x0000000008003960                _printf_common
 .text.__fpclassifyd
                0x0000000008003a44       0x44 /usr/lib/gcc/arm-none-eabi/4.8/../../../arm-none-eabi/lib/armv7e-m/softfp/libc_nano.a(lib_a-s_fpclassify.o)
                0x0000000008003a44                __fpclassifyd
 .text.strlen   0x0000000008003a88       0x10 /usr/lib/gcc/arm-none-eabi/4.8/../../../arm-none-eabi/lib/armv7e-m/softfp/libc_nano.a(lib_a-strlen.o)
                0x0000000008003a88                strlen
 .text.quorem   0x0000000008003a98      0x11a /usr/lib/gcc/arm-none-eabi/4.8/../../../arm-none-eabi/lib/armv7e-m/softfp/libc_nano.a(lib_a-dtoa.o)
 *fill*         0x0000000008003bb2        0x6 
 .text._dtoa_r  0x0000000008003bb8      0xb70 /usr/lib/gcc/arm-none-eabi/4.8/../../../arm-none-eabi/lib/armv7e-m/softfp/libc_nano.a(lib_a-dtoa.o)
                0x0000000008003bb8                _dtoa_r
 .text._localeconv_r
                0x0000000008004728        0x8 /usr/lib/gcc/arm-none-eabi/4.8/../../../arm-none-eabi/lib/armv7e-m/softfp/libc_nano.a(lib_a-locale.o)
                0x0000000008004728                _localeconv_r
 .text.malloc   0x0000000008004730       0x10 /usr/lib/gcc/arm-none-eabi/4.8/../../../arm-none-eabi/lib/armv7e-m/softfp/libc_nano.a(lib_a-malloc.o)
                0x0000000008004730                malloc
 .text.memcpy   0x0000000008004740       0x12 /usr/lib/gcc/arm-none-eabi/4.8/../../../arm-none-eabi/lib/armv7e-m/softfp/libc_nano.a(lib_a-memcpy-stub.o)
                0x0000000008004740                memcpy
 .text._Balloc  0x0000000008004752       0x6a /usr/lib/gcc/arm-none-eabi/4.8/../../../arm-none-eabi/lib/armv7e-m/softfp/libc_nano.a(lib_a-mprec.o)
                0x0000000008004752                _Balloc
 .text._Bfree   0x00000000080047bc       0x2e /usr/lib/gcc/arm-none-eabi/4.8/../../../arm-none-eabi/lib/armv7e-m/softfp/libc_nano.a(lib_a-mprec.o)
                0x00000000080047bc                _Bfree
 .text.__multadd
                0x00000000080047ea       0x74 /usr/lib/gcc/arm-none-eabi/4.8/../../../arm-none-eabi/lib/armv7e-m/softfp/libc_nano.a(lib_a-mprec.o)
                0x00000000080047ea                __multadd
 .text.__hi0bits
                0x000000000800485e       0x40 /usr/lib/gcc/arm-none-eabi/4.8/../../../arm-none-eabi/lib/armv7e-m/softfp/libc_nano.a(lib_a-mprec.o)
                0x000000000800485e                __hi0bits
 .text.__lo0bits
                0x000000000800489e       0x5a /usr/lib/gcc/arm-none-eabi/4.8/../../../arm-none-eabi/lib/armv7e-m/softfp/libc_nano.a(lib_a-mprec.o)
                0x000000000800489e                __lo0bits
 .text.__i2b    0x00000000080048f8       0x12 /usr/lib/gcc/arm-none-eabi/4.8/../../../arm-none-eabi/lib/armv7e-m/softfp/libc_nano.a(lib_a-mprec.o)
                0x00000000080048f8                __i2b
 .text.__multiply
                0x000000000800490a      0x130 /usr/lib/gcc/arm-none-eabi/4.8/../../../arm-none-eabi/lib/armv7e-m/softfp/libc_nano.a(lib_a-mprec.o)
                0x000000000800490a                __multiply
 *fill*         0x0000000008004a3a        0x2 
 .text.__pow5mult
                0x0000000008004a3c       0x9c /usr/lib/gcc/arm-none-eabi/4.8/../../../arm-none-eabi/lib/armv7e-m/softfp/libc_nano.a(lib_a-mprec.o)
                0x0000000008004a3c                __pow5mult
 .text.__lshift
                0x0000000008004ad8       0xa6 /usr/lib/gcc/arm-none-eabi/4.8/../../../arm-none-eabi/lib/armv7e-m/softfp/libc_nano.a(lib_a-mprec.o)
                0x0000000008004ad8                __lshift
 .text.__mcmp   0x0000000008004b7e       0x3a /usr/lib/gcc/arm-none-eabi/4.8/../../../arm-none-eabi/lib/armv7e-m/softfp/libc_nano.a(lib_a-mprec.o)
                0x0000000008004b7e                __mcmp
 .text.__mdiff  0x0000000008004bb8       0xbc /usr/lib/gcc/arm-none-eabi/4.8/../../../arm-none-eabi/lib/armv7e-m/softfp/libc_nano.a(lib_a-mprec.o)
                0x0000000008004bb8                __mdiff
 .text.__d2b    0x0000000008004c74       0xa4 /usr/lib/gcc/arm-none-eabi/4.8/../../../arm-none-eabi/lib/armv7e-m/softfp/libc_nano.a(lib_a-mprec.o)
                0x0000000008004c74                __d2b
 .text._calloc_r
                0x0000000008004d18       0x1c /usr/lib/gcc/arm-none-eabi/4.8/../../../arm-none-eabi/lib/armv7e-m/softfp/libc_nano.a(lib_a-nano-callocr.o)
                0x0000000008004d18                _calloc_r
 .text._malloc_r
                0x0000000008004d34       0xac /usr/lib/gcc/arm-none-eabi/4.8/../../../arm-none-eabi/lib/armv7e-m/softfp/libc_nano.a(lib_a-nano-mallocr.o)
                0x0000000008004d34                _malloc_r
 .text._sbrk_r  0x0000000008004de0       0x20 /usr/lib/gcc/arm-none-eabi/4.8/../../../arm-none-eabi/lib/armv7e-m/softfp/libc_nano.a(lib_a-sbrkr.o)
                0x0000000008004de0                _sbrk_r
 .text._sbrk    0x0000000008004e00       0x34 /usr/lib/gcc/arm-none-eabi/4.8/../../../arm-none-eabi/lib/armv7e-m/softfp/librdimon_nano.a(rdimon-syscalls.o)
                0x0000000008004e00                _sbrk
 .text.__errno  0x0000000008004e34        0xc /usr/lib/gcc/arm-none-eabi/4.8/../../../arm-none-eabi/lib/armv7e-m/softfp/libc_nano.a(lib_a-errno.o)
                0x0000000008004e34                __errno
 *(.glue_7)
 .glue_7        0x0000000008004e40        0x0 linker stubs
 *(.glue_7t)
 .glue_7t       0x0000000008004e40        0x0 linker stubs
 *(.eh_frame)
 .eh_frame      0x0000000008004e40        0x0 /usr/lib/gcc/arm-none-eabi/4.8/armv7e-m/softfp/crtbegin.o
 *(.init)
 .init          0x0000000008004e40        0x4 /usr/lib/gcc/arm-none-eabi/4.8/armv7e-m/softfp/crti.o
                0x0000000008004e40                _init
 .init          0x0000000008004e44        0x8 /usr/lib/gcc/arm-none-eabi/4.8/armv7e-m/softfp/crtn.o
 *(.fini)
 .fini          0x0000000008004e4c        0x4 /usr/lib/gcc/arm-none-eabi/4.8/armv7e-m/softfp/crti.o
                0x0000000008004e4c                _fini
 .fini          0x0000000008004e50        0x8 /usr/lib/gcc/arm-none-eabi/4.8/armv7e-m/softfp/crtn.o
                0x0000000008004e58                . = ALIGN (0x4)
                0x0000000008004e58                _etext = .

.vfp11_veneer   0x0000000008004e58        0x0
 .vfp11_veneer  0x0000000008004e58        0x0 linker stubs

.v4_bx          0x0000000008004e58        0x0
 .v4_bx         0x0000000008004e58        0x0 linker stubs

.iplt           0x0000000008004e58        0x0
 .iplt          0x0000000008004e58        0x0 /usr/lib/gcc/arm-none-eabi/4.8/armv7e-m/softfp/crtbegin.o

.rodata         0x0000000008004e58      0x1bc
                0x0000000008004e58                . = ALIGN (0x4)
 *(.rodata)
 *(.rodata*)
 .rodata.AHBPrescTable
                0x0000000008004e58       0x10 build/system_stm32f3xx.o
                0x0000000008004e58                AHBPrescTable
 .rodata.aPLLMULFactorTable
                0x0000000008004e68       0x10 build/stm32f3xx_hal_rcc.o
                0x0000000008004e68                aPLLMULFactorTable
 .rodata.aPredivFactorTable
                0x0000000008004e78       0x10 build/stm32f3xx_hal_rcc.o
                0x0000000008004e78                aPredivFactorTable
 .rodata.str1.1
                0x0000000008004e88        0x2 /usr/lib/gcc/arm-none-eabi/4.8/../../../arm-none-eabi/lib/armv7e-m/softfp/libc_nano.a(lib_a-impure.o)
 .rodata.str1.1
                0x0000000008004e8a       0x12 /usr/lib/gcc/arm-none-eabi/4.8/../../../arm-none-eabi/lib/armv7e-m/softfp/libc_nano.a(lib_a-nano-vfprintf_float.o)
 .rodata.str1.1
                0x0000000008004e9c        0xd /usr/lib/gcc/arm-none-eabi/4.8/../../../arm-none-eabi/lib/armv7e-m/softfp/libc_nano.a(lib_a-dtoa.o)
                                          0xf (size before relaxing)
 .rodata.str1.1
                0x0000000008004ea9        0x8 /usr/lib/gcc/arm-none-eabi/4.8/../../../arm-none-eabi/lib/armv7e-m/softfp/libc_nano.a(lib_a-locale.o)
                                          0xb (size before relaxing)
 *fill*         0x0000000008004eb1        0x7 
 .rodata.__mprec_tens
                0x0000000008004eb8       0xc8 /usr/lib/gcc/arm-none-eabi/4.8/../../../arm-none-eabi/lib/armv7e-m/softfp/libc_nano.a(lib_a-mprec.o)
                0x0000000008004eb8                __mprec_tens
 .rodata.__mprec_bigtens
                0x0000000008004f80       0x28 /usr/lib/gcc/arm-none-eabi/4.8/../../../arm-none-eabi/lib/armv7e-m/softfp/libc_nano.a(lib_a-mprec.o)
                0x0000000008004f80                __mprec_bigtens
 .rodata.p05.5281
                0x0000000008004fa8        0xc /usr/lib/gcc/arm-none-eabi/4.8/../../../arm-none-eabi/lib/armv7e-m/softfp/libc_nano.a(lib_a-mprec.o)
 .rodata.__sf_fake_stdin
                0x0000000008004fb4       0x20 /usr/lib/gcc/arm-none-eabi/4.8/../../../arm-none-eabi/lib/armv7e-m/softfp/libc_nano.a(lib_a-findfp.o)
                0x0000000008004fb4                __sf_fake_stdin
 .rodata.__sf_fake_stdout
                0x0000000008004fd4       0x20 /usr/lib/gcc/arm-none-eabi/4.8/../../../arm-none-eabi/lib/armv7e-m/softfp/libc_nano.a(lib_a-findfp.o)
                0x0000000008004fd4                __sf_fake_stdout
 .rodata.__sf_fake_stderr
                0x0000000008004ff4       0x20 /usr/lib/gcc/arm-none-eabi/4.8/../../../arm-none-eabi/lib/armv7e-m/softfp/libc_nano.a(lib_a-findfp.o)
                0x0000000008004ff4                __sf_fake_stderr
                0x0000000008005014                . = ALIGN (0x4)

.rel.dyn        0x0000000008005014        0x0
 .rel.iplt      0x0000000008005014        0x0 /usr/lib/gcc/arm-none-eabi/4.8/armv7e-m/softfp/crtbegin.o

.ARM.extab
 *(.ARM.extab* .gnu.linkonce.armextab.*)

.ARM            0x0000000008005014        0x0
                0x0000000008005014                __exidx_start = .
 *(.ARM.exidx*)
                0x0000000008005014                __exidx_end = .

.preinit_array  0x0000000008005014        0x0
                0x0000000008005014                PROVIDE (__preinit_array_start, .)
 *(.preinit_array*)
                0x0000000008005014                PROVIDE (__preinit_array_end, .)

.init_array     0x0000000008005014        0x4
                0x0000000008005014                PROVIDE (__init_array_start, .)
 *(SORT(.init_array.*))
 *(.init_array*)
 .init_array    0x0000000008005014        0x4 /usr/lib/gcc/arm-none-eabi/4.8/armv7e-m/softfp/crtbegin.o
                0x0000000008005018                PROVIDE (__init_array_end, .)

.fini_array     0x0000000008005018        0x4
                0x0000000008005018                PROVIDE (__fini_array_start, .)
 *(SORT(.fini_array.*))
 *(.fini_array*)
 .fini_array    0x0000000008005018        0x4 /usr/lib/gcc/arm-none-eabi/4.8/armv7e-m/softfp/crtbegin.o
                0x000000000800501c                PROVIDE (__fini_array_end, .)
                0x000000000800501c                _sidata = LOADADDR (.data)

.data           0x0000000020000000       0xa0 load address 0x000000000800501c
                0x0000000020000000                . = ALIGN (0x4)
                0x0000000020000000                _sdata = .
 *(.data)
 *(.data*)
 .data.SystemCoreClock
                0x0000000020000000        0x4 build/system_stm32f3xx.o
                0x0000000020000000                SystemCoreClock
 .data.impure_data
                0x0000000020000004       0x60 /usr/lib/gcc/arm-none-eabi/4.8/../../../arm-none-eabi/lib/armv7e-m/softfp/libc_nano.a(lib_a-impure.o)
 .data._impure_ptr
                0x0000000020000064        0x4 /usr/lib/gcc/arm-none-eabi/4.8/../../../arm-none-eabi/lib/armv7e-m/softfp/libc_nano.a(lib_a-impure.o)
                0x0000000020000064                _impure_ptr
 .data.lconv    0x0000000020000068       0x38 /usr/lib/gcc/arm-none-eabi/4.8/../../../arm-none-eabi/lib/armv7e-m/softfp/libc_nano.a(lib_a-locale.o)
                0x00000000200000a0                . = ALIGN (0x4)
                0x00000000200000a0                _edata = .
                0x00000000080050bc                _siccmram = LOADADDR (.ccmram)

.jcr            0x00000000200000a0        0x0 load address 0x00000000080050bc
 .jcr           0x00000000200000a0        0x0 /usr/lib/gcc/arm-none-eabi/4.8/armv7e-m/softfp/crtbegin.o

.tm_clone_table
                0x00000000200000a0        0x0 load address 0x00000000080050bc
 .tm_clone_table
                0x00000000200000a0        0x0 /usr/lib/gcc/arm-none-eabi/4.8/armv7e-m/softfp/crtbegin.o
 .tm_clone_table
                0x00000000200000a0        0x0 /usr/lib/gcc/arm-none-eabi/4.8/armv7e-m/softfp/crtend.o

.igot.plt       0x00000000200000a0        0x0 load address 0x00000000080050bc
 .igot.plt      0x00000000200000a0        0x0 /usr/lib/gcc/arm-none-eabi/4.8/armv7e-m/softfp/crtbegin.o

.ccmram         0x0000000010000000        0x0 load address 0x00000000080050bc
                0x0000000010000000                . = ALIGN (0x4)
                0x0000000010000000                _sccmram = .
 *(.ccmram)
 *(.ccmram*)
                0x0000000010000000                . = ALIGN (0x4)
                0x0000000010000000                _eccmram = .
                0x0000000010000000                . = ALIGN (0x4)

.bss            0x00000000200000a0       0x70
                0x00000000200000a0                _sbss = .
                0x00000000200000a0                __bss_start__ = _sbss
 *(.bss)
 .bss           0x00000000200000a0       0x1c /usr/lib/gcc/arm-none-eabi/4.8/armv7e-m/softfp/crtbegin.o
 *(.bss*)
 .bss.__malloc_sbrk_start
                0x00000000200000bc        0x4 /usr/lib/gcc/arm-none-eabi/4.8/../../../arm-none-eabi/lib/armv7e-m/softfp/libc_nano.a(lib_a-nano-mallocr.o)
                0x00000000200000bc                __malloc_sbrk_start
 .bss.__malloc_free_list
                0x00000000200000c0        0x4 /usr/lib/gcc/arm-none-eabi/4.8/../../../arm-none-eabi/lib/armv7e-m/softfp/libc_nano.a(lib_a-nano-mallocr.o)
                0x00000000200000c0                __malloc_free_list
 .bss.heap_end.5855
                0x00000000200000c4        0x4 /usr/lib/gcc/arm-none-eabi/4.8/../../../arm-none-eabi/lib/armv7e-m/softfp/librdimon_nano.a(rdimon-syscalls.o)
 *(COMMON)
 COMMON         0x00000000200000c8        0x4 build/stm32f3xx_hal.o
                0x00000000200000c8                uwTick
 COMMON         0x00000000200000cc       0x40 build/main.o
                0x00000000200000cc                hcan
 COMMON         0x000000002000010c        0x4 /usr/lib/gcc/arm-none-eabi/4.8/../../../arm-none-eabi/lib/armv7e-m/softfp/libc_nano.a(lib_a-reent.o)
                0x000000002000010c                errno
                0x0000000020000110                . = ALIGN (0x4)
                0x0000000020000110                _ebss = .
                0x0000000020000110                __bss_end__ = _ebss

._user_heap_stack
                0x0000000020000110      0x600
                0x0000000020000110                . = ALIGN (0x8)
                0x0000000020000110                PROVIDE (end, .)
                0x0000000020000110                PROVIDE (_end, .)
                0x0000000020000310                . = (. + _Min_Heap_Size)
 *fill*         0x0000000020000110      0x200 
                0x0000000020000710                . = (. + _Min_Stack_Size)
 *fill*         0x0000000020000310      0x400 
                0x0000000020000710                . = ALIGN (0x8)

/DISCARD/
 libc.a(*)
 libm.a(*)
 libgcc.a(*)

.ARM.attributes
                0x0000000000000000       0x2e
 *(.ARM.attributes)
 .ARM.attributes
                0x0000000000000000       0x22 /usr/lib/gcc/arm-none-eabi/4.8/armv7e-m/softfp/crti.o
 .ARM.attributes
                0x0000000000000022       0x32 /usr/lib/gcc/arm-none-eabi/4.8/armv7e-m/softfp/crtbegin.o
 .ARM.attributes
                0x0000000000000054       0x37 build/system_stm32f3xx.o
 .ARM.attributes
                0x000000000000008b       0x37 build/stm32f3xx_hal.o
 .ARM.attributes
                0x00000000000000c2       0x37 build/stm32f3xx_hal_can.o
 .ARM.attributes
                0x00000000000000f9       0x37 build/stm32f3xx_hal_cortex.o
 .ARM.attributes
                0x0000000000000130       0x37 build/stm32f3xx_hal_gpio.o
 .ARM.attributes
                0x0000000000000167       0x37 build/stm32f3xx_hal_rcc.o
 .ARM.attributes
                0x000000000000019e       0x37 build/main.o
 .ARM.attributes
                0x00000000000001d5       0x37 build/stm32f3xx_hal_msp.o
 .ARM.attributes
                0x000000000000020c       0x37 build/stm32f3xx_it.o
 .ARM.attributes
                0x0000000000000243       0x21 build/startup_stm32f303xc.o
 .ARM.attributes
                0x0000000000000264       0x32 /usr/lib/gcc/arm-none-eabi/4.8/../../../arm-none-eabi/lib/armv7e-m/softfp/libc_nano.a(lib_a-impure.o)
 .ARM.attributes
                0x0000000000000296       0x32 /usr/lib/gcc/arm-none-eabi/4.8/../../../arm-none-eabi/lib/armv7e-m/softfp/libc_nano.a(lib_a-init.o)
 .ARM.attributes
                0x00000000000002c8       0x32 /usr/lib/gcc/arm-none-eabi/4.8/../../../arm-none-eabi/lib/armv7e-m/softfp/libc_nano.a(lib_a-memset.o)
 .ARM.attributes
                0x00000000000002fa       0x32 /usr/lib/gcc/arm-none-eabi/4.8/../../../arm-none-eabi/lib/armv7e-m/softfp/libc_nano.a(lib_a-nano-vfprintf_float.o)
 .ARM.attributes
                0x000000000000032c       0x32 /usr/lib/gcc/arm-none-eabi/4.8/../../../arm-none-eabi/lib/armv7e-m/softfp/libc_nano.a(lib_a-nano-vfprintf_i.o)
 .ARM.attributes
                0x000000000000035e       0x32 /usr/lib/gcc/arm-none-eabi/4.8/../../../arm-none-eabi/lib/armv7e-m/softfp/libc_nano.a(lib_a-s_fpclassify.o)
 .ARM.attributes
                0x0000000000000390       0x32 /usr/lib/gcc/arm-none-eabi/4.8/../../../arm-none-eabi/lib/armv7e-m/softfp/libc_nano.a(lib_a-strlen.o)
 .ARM.attributes
                0x00000000000003c2       0x32 /usr/lib/gcc/arm-none-eabi/4.8/../../../arm-none-eabi/lib/armv7e-m/softfp/libc_nano.a(lib_a-dtoa.o)
 .ARM.attributes
                0x00000000000003f4       0x32 /usr/lib/gcc/arm-none-eabi/4.8/../../../arm-none-eabi/lib/armv7e-m/softfp/libc_nano.a(lib_a-locale.o)
 .ARM.attributes
                0x0000000000000426       0x32 /usr/lib/gcc/arm-none-eabi/4.8/../../../arm-none-eabi/lib/armv7e-m/softfp/libc_nano.a(lib_a-malloc.o)
 .ARM.attributes
                0x0000000000000458       0x32 /usr/lib/gcc/arm-none-eabi/4.8/../../../arm-none-eabi/lib/armv7e-m/softfp/libc_nano.a(lib_a-memcpy-stub.o)
 .ARM.attributes
                0x000000000000048a       0x32 /usr/lib/gcc/arm-none-eabi/4.8/../../../arm-none-eabi/lib/armv7e-m/softfp/libc_nano.a(lib_a-mprec.o)
 .ARM.attributes
                0x00000000000004bc       0x32 /usr/lib/gcc/arm-none-eabi/4.8/../../../arm-none-eabi/lib/armv7e-m/softfp/libc_nano.a(lib_a-nano-callocr.o)
 .ARM.attributes
                0x00000000000004ee       0x32 /usr/lib/gcc/arm-none-eabi/4.8/../../../arm-none-eabi/lib/armv7e-m/softfp/libc_nano.a(lib_a-nano-mallocr.o)
 .ARM.attributes
                0x0000000000000520       0x32 /usr/lib/gcc/arm-none-eabi/4.8/../../../arm-none-eabi/lib/armv7e-m/softfp/libc_nano.a(lib_a-sbrkr.o)
 .ARM.attributes
                0x0000000000000552       0x32 /usr/lib/gcc/arm-none-eabi/4.8/../../../arm-none-eabi/lib/armv7e-m/softfp/libc_nano.a(lib_a-reent.o)
 .ARM.attributes
                0x0000000000000584       0x32 /usr/lib/gcc/arm-none-eabi/4.8/../../../arm-none-eabi/lib/armv7e-m/softfp/librdimon_nano.a(rdimon-syscalls.o)
 .ARM.attributes
                0x00000000000005b6       0x32 /usr/lib/gcc/arm-none-eabi/4.8/../../../arm-none-eabi/lib/armv7e-m/softfp/libc_nano.a(lib_a-errno.o)
 .ARM.attributes
                0x00000000000005e8       0x32 /usr/lib/gcc/arm-none-eabi/4.8/../../../arm-none-eabi/lib/armv7e-m/softfp/libc_nano.a(lib_a-findfp.o)
 .ARM.attributes
                0x000000000000061a       0x22 /usr/lib/gcc/arm-none-eabi/4.8/armv7e-m/softfp/libgcc.a(_arm_addsubdf3.o)
 .ARM.attributes
                0x000000000000063c       0x22 /usr/lib/gcc/arm-none-eabi/4.8/armv7e-m/softfp/libgcc.a(_arm_muldivdf3.o)
 .ARM.attributes
                0x000000000000065e       0x22 /usr/lib/gcc/arm-none-eabi/4.8/armv7e-m/softfp/libgcc.a(_arm_cmpdf2.o)
 .ARM.attributes
                0x0000000000000680       0x22 /usr/lib/gcc/arm-none-eabi/4.8/armv7e-m/softfp/libgcc.a(_arm_fixdfsi.o)
 .ARM.attributes
                0x00000000000006a2       0x32 /usr/lib/gcc/arm-none-eabi/4.8/armv7e-m/softfp/crtend.o
 .ARM.attributes
                0x00000000000006d4       0x22 /usr/lib/gcc/arm-none-eabi/4.8/armv7e-m/softfp/crtn.o
OUTPUT(build/STM32F3-CAN.elf elf32-littlearm)

.comment        0x0000000000000000       0x58
 .comment       0x0000000000000000       0x2d /usr/lib/gcc/arm-none-eabi/4.8/armv7e-m/softfp/crtbegin.o
                                         0x2e (size before relaxing)
 .comment       0x000000000000002d       0x2e build/system_stm32f3xx.o
 .comment       0x000000000000002d       0x2e build/stm32f3xx_hal.o
 .comment       0x000000000000002d       0x2e build/stm32f3xx_hal_can.o
 .comment       0x000000000000002d       0x2e build/stm32f3xx_hal_cortex.o
 .comment       0x000000000000002d       0x2e build/stm32f3xx_hal_gpio.o
 .comment       0x000000000000002d       0x2e build/stm32f3xx_hal_rcc.o
 .comment       0x000000000000002d       0x2e build/main.o
 .comment       0x000000000000002d       0x2e build/stm32f3xx_hal_msp.o
 .comment       0x000000000000002d       0x2e build/stm32f3xx_it.o
 .comment       0x000000000000002d       0x2b /usr/lib/gcc/arm-none-eabi/4.8/../../../arm-none-eabi/lib/armv7e-m/softfp/libc_nano.a(lib_a-impure.o)
                                         0x2c (size before relaxing)
 .comment       0x0000000000000058       0x2c /usr/lib/gcc/arm-none-eabi/4.8/../../../arm-none-eabi/lib/armv7e-m/softfp/libc_nano.a(lib_a-init.o)
 .comment       0x0000000000000058       0x2c /usr/lib/gcc/arm-none-eabi/4.8/../../../arm-none-eabi/lib/armv7e-m/softfp/libc_nano.a(lib_a-memset.o)
 .comment       0x0000000000000058       0x2c /usr/lib/gcc/arm-none-eabi/4.8/../../../arm-none-eabi/lib/armv7e-m/softfp/libc_nano.a(lib_a-nano-vfprintf_float.o)
 .comment       0x0000000000000058       0x2c /usr/lib/gcc/arm-none-eabi/4.8/../../../arm-none-eabi/lib/armv7e-m/softfp/libc_nano.a(lib_a-nano-vfprintf_i.o)
 .comment       0x0000000000000058       0x2c /usr/lib/gcc/arm-none-eabi/4.8/../../../arm-none-eabi/lib/armv7e-m/softfp/libc_nano.a(lib_a-s_fpclassify.o)
 .comment       0x0000000000000058       0x2c /usr/lib/gcc/arm-none-eabi/4.8/../../../arm-none-eabi/lib/armv7e-m/softfp/libc_nano.a(lib_a-strlen.o)
 .comment       0x0000000000000058       0x2c /usr/lib/gcc/arm-none-eabi/4.8/../../../arm-none-eabi/lib/armv7e-m/softfp/libc_nano.a(lib_a-dtoa.o)
 .comment       0x0000000000000058       0x2c /usr/lib/gcc/arm-none-eabi/4.8/../../../arm-none-eabi/lib/armv7e-m/softfp/libc_nano.a(lib_a-locale.o)
 .comment       0x0000000000000058       0x2c /usr/lib/gcc/arm-none-eabi/4.8/../../../arm-none-eabi/lib/armv7e-m/softfp/libc_nano.a(lib_a-malloc.o)
 .comment       0x0000000000000058       0x2c /usr/lib/gcc/arm-none-eabi/4.8/../../../arm-none-eabi/lib/armv7e-m/softfp/libc_nano.a(lib_a-memcpy-stub.o)
 .comment       0x0000000000000058       0x2c /usr/lib/gcc/arm-none-eabi/4.8/../../../arm-none-eabi/lib/armv7e-m/softfp/libc_nano.a(lib_a-mprec.o)
 .comment       0x0000000000000058       0x2c /usr/lib/gcc/arm-none-eabi/4.8/../../../arm-none-eabi/lib/armv7e-m/softfp/libc_nano.a(lib_a-nano-callocr.o)
 .comment       0x0000000000000058       0x2c /usr/lib/gcc/arm-none-eabi/4.8/../../../arm-none-eabi/lib/armv7e-m/softfp/libc_nano.a(lib_a-nano-mallocr.o)
 .comment       0x0000000000000058       0x2c /usr/lib/gcc/arm-none-eabi/4.8/../../../arm-none-eabi/lib/armv7e-m/softfp/libc_nano.a(lib_a-sbrkr.o)
 .comment       0x0000000000000058       0x2c /usr/lib/gcc/arm-none-eabi/4.8/../../../arm-none-eabi/lib/armv7e-m/softfp/libc_nano.a(lib_a-reent.o)
 .comment       0x0000000000000058       0x2c /usr/lib/gcc/arm-none-eabi/4.8/../../../arm-none-eabi/lib/armv7e-m/softfp/librdimon_nano.a(rdimon-syscalls.o)
 .comment       0x0000000000000058       0x2c /usr/lib/gcc/arm-none-eabi/4.8/../../../arm-none-eabi/lib/armv7e-m/softfp/libc_nano.a(lib_a-errno.o)
 .comment       0x0000000000000058       0x2c /usr/lib/gcc/arm-none-eabi/4.8/../../../arm-none-eabi/lib/armv7e-m/softfp/libc_nano.a(lib_a-findfp.o)
 .comment       0x0000000000000058       0x2e /usr/lib/gcc/arm-none-eabi/4.8/armv7e-m/softfp/crtend.o

.debug_info     0x0000000000000000    0x11146
 .debug_info    0x0000000000000000      0x433 build/system_stm32f3xx.o
 .debug_info    0x0000000000000433      0x6fb build/stm32f3xx_hal.o
 .debug_info    0x0000000000000b2e      0xb4f build/stm32f3xx_hal_can.o
 .debug_info    0x000000000000167d      0xdb9 build/stm32f3xx_hal_cortex.o
 .debug_info    0x0000000000002436      0x6da build/stm32f3xx_hal_gpio.o
 .debug_info    0x0000000000002b10     0x1814 build/stm32f3xx_hal_rcc.o
 .debug_info    0x0000000000004324      0xd06 build/main.o
 .debug_info    0x000000000000502a      0xa99 build/stm32f3xx_hal_msp.o
 .debug_info    0x0000000000005ac3       0xbd build/stm32f3xx_it.o
 .debug_info    0x0000000000005b80       0xa4 build/startup_stm32f303xc.o
 .debug_info    0x0000000000005c24      0x7d3 /usr/lib/gcc/arm-none-eabi/4.8/../../../arm-none-eabi/lib/armv7e-m/softfp/libc_nano.a(lib_a-impure.o)
 .debug_info    0x00000000000063f7      0x105 /usr/lib/gcc/arm-none-eabi/4.8/../../../arm-none-eabi/lib/armv7e-m/softfp/libc_nano.a(lib_a-init.o)
 .debug_info    0x00000000000064fc       0xd3 /usr/lib/gcc/arm-none-eabi/4.8/../../../arm-none-eabi/lib/armv7e-m/softfp/libc_nano.a(lib_a-memset.o)
 .debug_info    0x00000000000065cf     0x1089 /usr/lib/gcc/arm-none-eabi/4.8/../../../arm-none-eabi/lib/armv7e-m/softfp/libc_nano.a(lib_a-nano-vfprintf_float.o)
 .debug_info    0x0000000000007658      0xb2c /usr/lib/gcc/arm-none-eabi/4.8/../../../arm-none-eabi/lib/armv7e-m/softfp/libc_nano.a(lib_a-nano-vfprintf_i.o)
 .debug_info    0x0000000000008184       0xdb /usr/lib/gcc/arm-none-eabi/4.8/../../../arm-none-eabi/lib/armv7e-m/softfp/libc_nano.a(lib_a-s_fpclassify.o)
 .debug_info    0x000000000000825f       0xcd /usr/lib/gcc/arm-none-eabi/4.8/../../../arm-none-eabi/lib/armv7e-m/softfp/libc_nano.a(lib_a-strlen.o)
 .debug_info    0x000000000000832c     0x11bd /usr/lib/gcc/arm-none-eabi/4.8/../../../arm-none-eabi/lib/armv7e-m/softfp/libc_nano.a(lib_a-dtoa.o)
 .debug_info    0x00000000000094e9      0xa91 /usr/lib/gcc/arm-none-eabi/4.8/../../../arm-none-eabi/lib/armv7e-m/softfp/libc_nano.a(lib_a-locale.o)
 .debug_info    0x0000000000009f7a      0x7c1 /usr/lib/gcc/arm-none-eabi/4.8/../../../arm-none-eabi/lib/armv7e-m/softfp/libc_nano.a(lib_a-malloc.o)
 .debug_info    0x000000000000a73b      0x102 /usr/lib/gcc/arm-none-eabi/4.8/../../../arm-none-eabi/lib/armv7e-m/softfp/libc_nano.a(lib_a-memcpy-stub.o)
 .debug_info    0x000000000000a83d     0x15a8 /usr/lib/gcc/arm-none-eabi/4.8/../../../arm-none-eabi/lib/armv7e-m/softfp/libc_nano.a(lib_a-mprec.o)
 .debug_info    0x000000000000bde5      0x7e8 /usr/lib/gcc/arm-none-eabi/4.8/../../../arm-none-eabi/lib/armv7e-m/softfp/libc_nano.a(lib_a-nano-callocr.o)
 .debug_info    0x000000000000c5cd      0x8fb /usr/lib/gcc/arm-none-eabi/4.8/../../../arm-none-eabi/lib/armv7e-m/softfp/libc_nano.a(lib_a-nano-mallocr.o)
 .debug_info    0x000000000000cec8      0x7a0 /usr/lib/gcc/arm-none-eabi/4.8/../../../arm-none-eabi/lib/armv7e-m/softfp/libc_nano.a(lib_a-sbrkr.o)
 .debug_info    0x000000000000d668      0x8f7 /usr/lib/gcc/arm-none-eabi/4.8/../../../arm-none-eabi/lib/armv7e-m/softfp/libc_nano.a(lib_a-reent.o)
 .debug_info    0x000000000000df5f     0x1a46 /usr/lib/gcc/arm-none-eabi/4.8/../../../arm-none-eabi/lib/armv7e-m/softfp/librdimon_nano.a(rdimon-syscalls.o)
 .debug_info    0x000000000000f9a5      0x735 /usr/lib/gcc/arm-none-eabi/4.8/../../../arm-none-eabi/lib/armv7e-m/softfp/libc_nano.a(lib_a-errno.o)
 .debug_info    0x00000000000100da      0xd2c /usr/lib/gcc/arm-none-eabi/4.8/../../../arm-none-eabi/lib/armv7e-m/softfp/libc_nano.a(lib_a-findfp.o)
 .debug_info    0x0000000000010e06       0xd0 /usr/lib/gcc/arm-none-eabi/4.8/armv7e-m/softfp/libgcc.a(_arm_addsubdf3.o)
 .debug_info    0x0000000000010ed6       0xd0 /usr/lib/gcc/arm-none-eabi/4.8/armv7e-m/softfp/libgcc.a(_arm_muldivdf3.o)
 .debug_info    0x0000000000010fa6       0xd0 /usr/lib/gcc/arm-none-eabi/4.8/armv7e-m/softfp/libgcc.a(_arm_cmpdf2.o)
 .debug_info    0x0000000000011076       0xd0 /usr/lib/gcc/arm-none-eabi/4.8/armv7e-m/softfp/libgcc.a(_arm_fixdfsi.o)

.debug_abbrev   0x0000000000000000     0x3079
 .debug_abbrev  0x0000000000000000      0x103 build/system_stm32f3xx.o
 .debug_abbrev  0x0000000000000103      0x18f build/stm32f3xx_hal.o
 .debug_abbrev  0x0000000000000292      0x1d9 build/stm32f3xx_hal_can.o
 .debug_abbrev  0x000000000000046b      0x26e build/stm32f3xx_hal_cortex.o
 .debug_abbrev  0x00000000000006d9      0x1ac build/stm32f3xx_hal_gpio.o
 .debug_abbrev  0x0000000000000885      0x276 build/stm32f3xx_hal_rcc.o
 .debug_abbrev  0x0000000000000afb      0x1a2 build/main.o
 .debug_abbrev  0x0000000000000c9d      0x133 build/stm32f3xx_hal_msp.o
 .debug_abbrev  0x0000000000000dd0       0x69 build/stm32f3xx_it.o
 .debug_abbrev  0x0000000000000e39       0x12 build/startup_stm32f303xc.o
 .debug_abbrev  0x0000000000000e4b      0x136 /usr/lib/gcc/arm-none-eabi/4.8/../../../arm-none-eabi/lib/armv7e-m/softfp/libc_nano.a(lib_a-impure.o)
 .debug_abbrev  0x0000000000000f81       0xba /usr/lib/gcc/arm-none-eabi/4.8/../../../arm-none-eabi/lib/armv7e-m/softfp/libc_nano.a(lib_a-init.o)
 .debug_abbrev  0x000000000000103b       0x8e /usr/lib/gcc/arm-none-eabi/4.8/../../../arm-none-eabi/lib/armv7e-m/softfp/libc_nano.a(lib_a-memset.o)
 .debug_abbrev  0x00000000000010c9      0x2a2 /usr/lib/gcc/arm-none-eabi/4.8/../../../arm-none-eabi/lib/armv7e-m/softfp/libc_nano.a(lib_a-nano-vfprintf_float.o)
 .debug_abbrev  0x000000000000136b      0x1e2 /usr/lib/gcc/arm-none-eabi/4.8/../../../arm-none-eabi/lib/armv7e-m/softfp/libc_nano.a(lib_a-nano-vfprintf_i.o)
 .debug_abbrev  0x000000000000154d       0x6f /usr/lib/gcc/arm-none-eabi/4.8/../../../arm-none-eabi/lib/armv7e-m/softfp/libc_nano.a(lib_a-s_fpclassify.o)
 .debug_abbrev  0x00000000000015bc       0x8c /usr/lib/gcc/arm-none-eabi/4.8/../../../arm-none-eabi/lib/armv7e-m/softfp/libc_nano.a(lib_a-strlen.o)
 .debug_abbrev  0x0000000000001648      0x28a /usr/lib/gcc/arm-none-eabi/4.8/../../../arm-none-eabi/lib/armv7e-m/softfp/libc_nano.a(lib_a-dtoa.o)
 .debug_abbrev  0x00000000000018d2      0x248 /usr/lib/gcc/arm-none-eabi/4.8/../../../arm-none-eabi/lib/armv7e-m/softfp/libc_nano.a(lib_a-locale.o)
 .debug_abbrev  0x0000000000001b1a      0x19f /usr/lib/gcc/arm-none-eabi/4.8/../../../arm-none-eabi/lib/armv7e-m/softfp/libc_nano.a(lib_a-malloc.o)
 .debug_abbrev  0x0000000000001cb9       0xa4 /usr/lib/gcc/arm-none-eabi/4.8/../../../arm-none-eabi/lib/armv7e-m/softfp/libc_nano.a(lib_a-memcpy-stub.o)
 .debug_abbrev  0x0000000000001d5d      0x2d6 /usr/lib/gcc/arm-none-eabi/4.8/../../../arm-none-eabi/lib/armv7e-m/softfp/libc_nano.a(lib_a-mprec.o)
 .debug_abbrev  0x0000000000002033      0x19e /usr/lib/gcc/arm-none-eabi/4.8/../../../arm-none-eabi/lib/armv7e-m/softfp/libc_nano.a(lib_a-nano-callocr.o)
 .debug_abbrev  0x00000000000021d1      0x250 /usr/lib/gcc/arm-none-eabi/4.8/../../../arm-none-eabi/lib/armv7e-m/softfp/libc_nano.a(lib_a-nano-mallocr.o)
 .debug_abbrev  0x0000000000002421      0x1a2 /usr/lib/gcc/arm-none-eabi/4.8/../../../arm-none-eabi/lib/armv7e-m/softfp/libc_nano.a(lib_a-sbrkr.o)
 .debug_abbrev  0x00000000000025c3      0x1fb /usr/lib/gcc/arm-none-eabi/4.8/../../../arm-none-eabi/lib/armv7e-m/softfp/libc_nano.a(lib_a-reent.o)
 .debug_abbrev  0x00000000000027be      0x460 /usr/lib/gcc/arm-none-eabi/4.8/../../../arm-none-eabi/lib/armv7e-m/softfp/librdimon_nano.a(rdimon-syscalls.o)
 .debug_abbrev  0x0000000000002c1e      0x134 /usr/lib/gcc/arm-none-eabi/4.8/../../../arm-none-eabi/lib/armv7e-m/softfp/libc_nano.a(lib_a-errno.o)
 .debug_abbrev  0x0000000000002d52      0x2d7 /usr/lib/gcc/arm-none-eabi/4.8/../../../arm-none-eabi/lib/armv7e-m/softfp/libc_nano.a(lib_a-findfp.o)
 .debug_abbrev  0x0000000000003029       0x14 /usr/lib/gcc/arm-none-eabi/4.8/armv7e-m/softfp/libgcc.a(_arm_addsubdf3.o)
 .debug_abbrev  0x000000000000303d       0x14 /usr/lib/gcc/arm-none-eabi/4.8/armv7e-m/softfp/libgcc.a(_arm_muldivdf3.o)
 .debug_abbrev  0x0000000000003051       0x14 /usr/lib/gcc/arm-none-eabi/4.8/armv7e-m/softfp/libgcc.a(_arm_cmpdf2.o)
 .debug_abbrev  0x0000000000003065       0x14 /usr/lib/gcc/arm-none-eabi/4.8/armv7e-m/softfp/libgcc.a(_arm_fixdfsi.o)

.debug_loc      0x0000000000000000     0x6c31
 .debug_loc     0x0000000000000000       0x64 build/system_stm32f3xx.o
 .debug_loc     0x0000000000000064      0x35c build/stm32f3xx_hal.o
 .debug_loc     0x00000000000003c0      0x428 build/stm32f3xx_hal_can.o
 .debug_loc     0x00000000000007e8      0x648 build/stm32f3xx_hal_cortex.o
 .debug_loc     0x0000000000000e30      0x1c0 build/stm32f3xx_hal_gpio.o
 .debug_loc     0x0000000000000ff0      0x2e4 build/stm32f3xx_hal_rcc.o
 .debug_loc     0x00000000000012d4      0x104 build/main.o
 .debug_loc     0x00000000000013d8       0xa8 build/stm32f3xx_hal_msp.o
 .debug_loc     0x0000000000001480       0x2c build/stm32f3xx_it.o
 .debug_loc     0x00000000000014ac       0x54 /usr/lib/gcc/arm-none-eabi/4.8/../../../arm-none-eabi/lib/armv7e-m/softfp/libc_nano.a(lib_a-init.o)
 .debug_loc     0x0000000000001500       0x57 /usr/lib/gcc/arm-none-eabi/4.8/../../../arm-none-eabi/lib/armv7e-m/softfp/libc_nano.a(lib_a-memset.o)
 .debug_loc     0x0000000000001557      0x5db /usr/lib/gcc/arm-none-eabi/4.8/../../../arm-none-eabi/lib/armv7e-m/softfp/libc_nano.a(lib_a-nano-vfprintf_float.o)
 .debug_loc     0x0000000000001b32      0x538 /usr/lib/gcc/arm-none-eabi/4.8/../../../arm-none-eabi/lib/armv7e-m/softfp/libc_nano.a(lib_a-nano-vfprintf_i.o)
 .debug_loc     0x000000000000206a      0x126 /usr/lib/gcc/arm-none-eabi/4.8/../../../arm-none-eabi/lib/armv7e-m/softfp/libc_nano.a(lib_a-s_fpclassify.o)
 .debug_loc     0x0000000000002190       0x21 /usr/lib/gcc/arm-none-eabi/4.8/../../../arm-none-eabi/lib/armv7e-m/softfp/libc_nano.a(lib_a-strlen.o)
 .debug_loc     0x00000000000021b1     0x1ab1 /usr/lib/gcc/arm-none-eabi/4.8/../../../arm-none-eabi/lib/armv7e-m/softfp/libc_nano.a(lib_a-dtoa.o)
 .debug_loc     0x0000000000003c62      0x12f /usr/lib/gcc/arm-none-eabi/4.8/../../../arm-none-eabi/lib/armv7e-m/softfp/libc_nano.a(lib_a-locale.o)
 .debug_loc     0x0000000000003d91       0x58 /usr/lib/gcc/arm-none-eabi/4.8/../../../arm-none-eabi/lib/armv7e-m/softfp/libc_nano.a(lib_a-malloc.o)
 .debug_loc     0x0000000000003de9       0xaf /usr/lib/gcc/arm-none-eabi/4.8/../../../arm-none-eabi/lib/armv7e-m/softfp/libc_nano.a(lib_a-memcpy-stub.o)
 .debug_loc     0x0000000000003e98     0x19b9 /usr/lib/gcc/arm-none-eabi/4.8/../../../arm-none-eabi/lib/armv7e-m/softfp/libc_nano.a(lib_a-mprec.o)
 .debug_loc     0x0000000000005851       0x81 /usr/lib/gcc/arm-none-eabi/4.8/../../../arm-none-eabi/lib/armv7e-m/softfp/libc_nano.a(lib_a-nano-callocr.o)
 .debug_loc     0x00000000000058d2      0x26a /usr/lib/gcc/arm-none-eabi/4.8/../../../arm-none-eabi/lib/armv7e-m/softfp/libc_nano.a(lib_a-nano-mallocr.o)
 .debug_loc     0x0000000000005b3c       0x4d /usr/lib/gcc/arm-none-eabi/4.8/../../../arm-none-eabi/lib/armv7e-m/softfp/libc_nano.a(lib_a-sbrkr.o)
 .debug_loc     0x0000000000005b89      0x105 /usr/lib/gcc/arm-none-eabi/4.8/../../../arm-none-eabi/lib/armv7e-m/softfp/libc_nano.a(lib_a-reent.o)
 .debug_loc     0x0000000000005c8e      0xdc1 /usr/lib/gcc/arm-none-eabi/4.8/../../../arm-none-eabi/lib/armv7e-m/softfp/librdimon_nano.a(rdimon-syscalls.o)
 .debug_loc     0x0000000000006a4f      0x1e2 /usr/lib/gcc/arm-none-eabi/4.8/../../../arm-none-eabi/lib/armv7e-m/softfp/libc_nano.a(lib_a-findfp.o)

.debug_aranges  0x0000000000000000      0x930
 .debug_aranges
                0x0000000000000000       0x28 build/system_stm32f3xx.o
 .debug_aranges
                0x0000000000000028       0xb0 build/stm32f3xx_hal.o
 .debug_aranges
                0x00000000000000d8       0xb0 build/stm32f3xx_hal_can.o
 .debug_aranges
                0x0000000000000188      0x108 build/stm32f3xx_hal_cortex.o
 .debug_aranges
                0x0000000000000290       0x58 build/stm32f3xx_hal_gpio.o
 .debug_aranges
                0x00000000000002e8       0x88 build/stm32f3xx_hal_rcc.o
 .debug_aranges
                0x0000000000000370       0x40 build/main.o
 .debug_aranges
                0x00000000000003b0       0x30 build/stm32f3xx_hal_msp.o
 .debug_aranges
                0x00000000000003e0       0x20 build/stm32f3xx_it.o
 .debug_aranges
                0x0000000000000400       0x28 build/startup_stm32f303xc.o
 .debug_aranges
                0x0000000000000428       0x18 /usr/lib/gcc/arm-none-eabi/4.8/../../../arm-none-eabi/lib/armv7e-m/softfp/libc_nano.a(lib_a-impure.o)
 .debug_aranges
                0x0000000000000440       0x20 /usr/lib/gcc/arm-none-eabi/4.8/../../../arm-none-eabi/lib/armv7e-m/softfp/libc_nano.a(lib_a-init.o)
 .debug_aranges
                0x0000000000000460       0x20 /usr/lib/gcc/arm-none-eabi/4.8/../../../arm-none-eabi/lib/armv7e-m/softfp/libc_nano.a(lib_a-memset.o)
 .debug_aranges
                0x0000000000000480       0x30 /usr/lib/gcc/arm-none-eabi/4.8/../../../arm-none-eabi/lib/armv7e-m/softfp/libc_nano.a(lib_a-nano-vfprintf_float.o)
 .debug_aranges
                0x00000000000004b0       0x28 /usr/lib/gcc/arm-none-eabi/4.8/../../../arm-none-eabi/lib/armv7e-m/softfp/libc_nano.a(lib_a-nano-vfprintf_i.o)
 .debug_aranges
                0x00000000000004d8       0x20 /usr/lib/gcc/arm-none-eabi/4.8/../../../arm-none-eabi/lib/armv7e-m/softfp/libc_nano.a(lib_a-s_fpclassify.o)
 .debug_aranges
                0x00000000000004f8       0x20 /usr/lib/gcc/arm-none-eabi/4.8/../../../arm-none-eabi/lib/armv7e-m/softfp/libc_nano.a(lib_a-strlen.o)
 .debug_aranges
                0x0000000000000518       0x28 /usr/lib/gcc/arm-none-eabi/4.8/../../../arm-none-eabi/lib/armv7e-m/softfp/libc_nano.a(lib_a-dtoa.o)
 .debug_aranges
                0x0000000000000540       0x58 /usr/lib/gcc/arm-none-eabi/4.8/../../../arm-none-eabi/lib/armv7e-m/softfp/libc_nano.a(lib_a-locale.o)
 .debug_aranges
                0x0000000000000598       0x28 /usr/lib/gcc/arm-none-eabi/4.8/../../../arm-none-eabi/lib/armv7e-m/softfp/libc_nano.a(lib_a-malloc.o)
 .debug_aranges
                0x00000000000005c0       0x20 /usr/lib/gcc/arm-none-eabi/4.8/../../../arm-none-eabi/lib/armv7e-m/softfp/libc_nano.a(lib_a-memcpy-stub.o)
 .debug_aranges
                0x00000000000005e0       0xb0 /usr/lib/gcc/arm-none-eabi/4.8/../../../arm-none-eabi/lib/armv7e-m/softfp/libc_nano.a(lib_a-mprec.o)
 .debug_aranges
                0x0000000000000690       0x20 /usr/lib/gcc/arm-none-eabi/4.8/../../../arm-none-eabi/lib/armv7e-m/softfp/libc_nano.a(lib_a-nano-callocr.o)
 .debug_aranges
                0x00000000000006b0       0x20 /usr/lib/gcc/arm-none-eabi/4.8/../../../arm-none-eabi/lib/armv7e-m/softfp/libc_nano.a(lib_a-nano-mallocr.o)
 .debug_aranges
                0x00000000000006d0       0x20 /usr/lib/gcc/arm-none-eabi/4.8/../../../arm-none-eabi/lib/armv7e-m/softfp/libc_nano.a(lib_a-sbrkr.o)
 .debug_aranges
                0x00000000000006f0       0x28 /usr/lib/gcc/arm-none-eabi/4.8/../../../arm-none-eabi/lib/armv7e-m/softfp/libc_nano.a(lib_a-reent.o)
 .debug_aranges
                0x0000000000000718       0xf0 /usr/lib/gcc/arm-none-eabi/4.8/../../../arm-none-eabi/lib/armv7e-m/softfp/librdimon_nano.a(rdimon-syscalls.o)
 .debug_aranges
                0x0000000000000808       0x20 /usr/lib/gcc/arm-none-eabi/4.8/../../../arm-none-eabi/lib/armv7e-m/softfp/libc_nano.a(lib_a-errno.o)
 .debug_aranges
                0x0000000000000828       0x88 /usr/lib/gcc/arm-none-eabi/4.8/../../../arm-none-eabi/lib/armv7e-m/softfp/libc_nano.a(lib_a-findfp.o)
 .debug_aranges
                0x00000000000008b0       0x20 /usr/lib/gcc/arm-none-eabi/4.8/armv7e-m/softfp/libgcc.a(_arm_addsubdf3.o)
 .debug_aranges
                0x00000000000008d0       0x20 /usr/lib/gcc/arm-none-eabi/4.8/armv7e-m/softfp/libgcc.a(_arm_muldivdf3.o)
 .debug_aranges
                0x00000000000008f0       0x20 /usr/lib/gcc/arm-none-eabi/4.8/armv7e-m/softfp/libgcc.a(_arm_cmpdf2.o)
 .debug_aranges
                0x0000000000000910       0x20 /usr/lib/gcc/arm-none-eabi/4.8/armv7e-m/softfp/libgcc.a(_arm_fixdfsi.o)

.debug_ranges   0x0000000000000000      0x8e8
 .debug_ranges  0x0000000000000000       0x18 build/system_stm32f3xx.o
 .debug_ranges  0x0000000000000018       0xa0 build/stm32f3xx_hal.o
 .debug_ranges  0x00000000000000b8       0xa0 build/stm32f3xx_hal_can.o
 .debug_ranges  0x0000000000000158       0xf8 build/stm32f3xx_hal_cortex.o
 .debug_ranges  0x0000000000000250       0x48 build/stm32f3xx_hal_gpio.o
 .debug_ranges  0x0000000000000298       0x78 build/stm32f3xx_hal_rcc.o
 .debug_ranges  0x0000000000000310       0x30 build/main.o
 .debug_ranges  0x0000000000000340       0x20 build/stm32f3xx_hal_msp.o
 .debug_ranges  0x0000000000000360       0x10 build/stm32f3xx_it.o
 .debug_ranges  0x0000000000000370       0x20 build/startup_stm32f303xc.o
 .debug_ranges  0x0000000000000390       0x10 /usr/lib/gcc/arm-none-eabi/4.8/../../../arm-none-eabi/lib/armv7e-m/softfp/libc_nano.a(lib_a-init.o)
 .debug_ranges  0x00000000000003a0       0x10 /usr/lib/gcc/arm-none-eabi/4.8/../../../arm-none-eabi/lib/armv7e-m/softfp/libc_nano.a(lib_a-memset.o)
 .debug_ranges  0x00000000000003b0       0x90 /usr/lib/gcc/arm-none-eabi/4.8/../../../arm-none-eabi/lib/armv7e-m/softfp/libc_nano.a(lib_a-nano-vfprintf_float.o)
 .debug_ranges  0x0000000000000440       0x18 /usr/lib/gcc/arm-none-eabi/4.8/../../../arm-none-eabi/lib/armv7e-m/softfp/libc_nano.a(lib_a-nano-vfprintf_i.o)
 .debug_ranges  0x0000000000000458       0x10 /usr/lib/gcc/arm-none-eabi/4.8/../../../arm-none-eabi/lib/armv7e-m/softfp/libc_nano.a(lib_a-s_fpclassify.o)
 .debug_ranges  0x0000000000000468       0x10 /usr/lib/gcc/arm-none-eabi/4.8/../../../arm-none-eabi/lib/armv7e-m/softfp/libc_nano.a(lib_a-strlen.o)
 .debug_ranges  0x0000000000000478       0x30 /usr/lib/gcc/arm-none-eabi/4.8/../../../arm-none-eabi/lib/armv7e-m/softfp/libc_nano.a(lib_a-dtoa.o)
 .debug_ranges  0x00000000000004a8       0x48 /usr/lib/gcc/arm-none-eabi/4.8/../../../arm-none-eabi/lib/armv7e-m/softfp/libc_nano.a(lib_a-locale.o)
 .debug_ranges  0x00000000000004f0       0x18 /usr/lib/gcc/arm-none-eabi/4.8/../../../arm-none-eabi/lib/armv7e-m/softfp/libc_nano.a(lib_a-malloc.o)
 .debug_ranges  0x0000000000000508       0x10 /usr/lib/gcc/arm-none-eabi/4.8/../../../arm-none-eabi/lib/armv7e-m/softfp/libc_nano.a(lib_a-memcpy-stub.o)
 .debug_ranges  0x0000000000000518       0xd0 /usr/lib/gcc/arm-none-eabi/4.8/../../../arm-none-eabi/lib/armv7e-m/softfp/libc_nano.a(lib_a-mprec.o)
 .debug_ranges  0x00000000000005e8       0x10 /usr/lib/gcc/arm-none-eabi/4.8/../../../arm-none-eabi/lib/armv7e-m/softfp/libc_nano.a(lib_a-nano-callocr.o)
 .debug_ranges  0x00000000000005f8       0x28 /usr/lib/gcc/arm-none-eabi/4.8/../../../arm-none-eabi/lib/armv7e-m/softfp/libc_nano.a(lib_a-nano-mallocr.o)
 .debug_ranges  0x0000000000000620       0x10 /usr/lib/gcc/arm-none-eabi/4.8/../../../arm-none-eabi/lib/armv7e-m/softfp/libc_nano.a(lib_a-sbrkr.o)
 .debug_ranges  0x0000000000000630       0x30 /usr/lib/gcc/arm-none-eabi/4.8/../../../arm-none-eabi/lib/armv7e-m/softfp/libc_nano.a(lib_a-reent.o)
 .debug_ranges  0x0000000000000660      0x200 /usr/lib/gcc/arm-none-eabi/4.8/../../../arm-none-eabi/lib/armv7e-m/softfp/librdimon_nano.a(rdimon-syscalls.o)
 .debug_ranges  0x0000000000000860       0x10 /usr/lib/gcc/arm-none-eabi/4.8/../../../arm-none-eabi/lib/armv7e-m/softfp/libc_nano.a(lib_a-errno.o)
 .debug_ranges  0x0000000000000870       0x78 /usr/lib/gcc/arm-none-eabi/4.8/../../../arm-none-eabi/lib/armv7e-m/softfp/libc_nano.a(lib_a-findfp.o)

.debug_line     0x0000000000000000     0x535a
 .debug_line    0x0000000000000000      0x159 build/system_stm32f3xx.o
 .debug_line    0x0000000000000159      0x2b7 build/stm32f3xx_hal.o
 .debug_line    0x0000000000000410      0x57e build/stm32f3xx_hal_can.o
 .debug_line    0x000000000000098e      0x435 build/stm32f3xx_hal_cortex.o
 .debug_line    0x0000000000000dc3      0x2b0 build/stm32f3xx_hal_gpio.o
 .debug_line    0x0000000000001073      0xc9e build/stm32f3xx_hal_rcc.o
 .debug_line    0x0000000000001d11      0x27b build/main.o
 .debug_line    0x0000000000001f8c      0x194 build/stm32f3xx_hal_msp.o
 .debug_line    0x0000000000002120       0xb9 build/stm32f3xx_it.o
 .debug_line    0x00000000000021d9       0xab build/startup_stm32f303xc.o
 .debug_line    0x0000000000002284       0xf8 /usr/lib/gcc/arm-none-eabi/4.8/../../../arm-none-eabi/lib/armv7e-m/softfp/libc_nano.a(lib_a-impure.o)
 .debug_line    0x000000000000237c       0xb7 /usr/lib/gcc/arm-none-eabi/4.8/../../../arm-none-eabi/lib/armv7e-m/softfp/libc_nano.a(lib_a-init.o)
 .debug_line    0x0000000000002433       0xf9 /usr/lib/gcc/arm-none-eabi/4.8/../../../arm-none-eabi/lib/armv7e-m/softfp/libc_nano.a(lib_a-memset.o)
 .debug_line    0x000000000000252c      0x402 /usr/lib/gcc/arm-none-eabi/4.8/../../../arm-none-eabi/lib/armv7e-m/softfp/libc_nano.a(lib_a-nano-vfprintf_float.o)
 .debug_line    0x000000000000292e      0x2e9 /usr/lib/gcc/arm-none-eabi/4.8/../../../arm-none-eabi/lib/armv7e-m/softfp/libc_nano.a(lib_a-nano-vfprintf_i.o)
 .debug_line    0x0000000000002c17      0x147 /usr/lib/gcc/arm-none-eabi/4.8/../../../arm-none-eabi/lib/armv7e-m/softfp/libc_nano.a(lib_a-s_fpclassify.o)
 .debug_line    0x0000000000002d5e       0xfc /usr/lib/gcc/arm-none-eabi/4.8/../../../arm-none-eabi/lib/armv7e-m/softfp/libc_nano.a(lib_a-strlen.o)
 .debug_line    0x0000000000002e5a      0x5b9 /usr/lib/gcc/arm-none-eabi/4.8/../../../arm-none-eabi/lib/armv7e-m/softfp/libc_nano.a(lib_a-dtoa.o)
 .debug_line    0x0000000000003413      0x209 /usr/lib/gcc/arm-none-eabi/4.8/../../../arm-none-eabi/lib/armv7e-m/softfp/libc_nano.a(lib_a-locale.o)
 .debug_line    0x000000000000361c      0x17b /usr/lib/gcc/arm-none-eabi/4.8/../../../arm-none-eabi/lib/armv7e-m/softfp/libc_nano.a(lib_a-malloc.o)
 .debug_line    0x0000000000003797      0x110 /usr/lib/gcc/arm-none-eabi/4.8/../../../arm-none-eabi/lib/armv7e-m/softfp/libc_nano.a(lib_a-memcpy-stub.o)
 .debug_line    0x00000000000038a7      0x678 /usr/lib/gcc/arm-none-eabi/4.8/../../../arm-none-eabi/lib/armv7e-m/softfp/libc_nano.a(lib_a-mprec.o)
 .debug_line    0x0000000000003f1f      0x175 /usr/lib/gcc/arm-none-eabi/4.8/../../../arm-none-eabi/lib/armv7e-m/softfp/libc_nano.a(lib_a-nano-callocr.o)
 .debug_line    0x0000000000004094      0x1a8 /usr/lib/gcc/arm-none-eabi/4.8/../../../arm-none-eabi/lib/armv7e-m/softfp/libc_nano.a(lib_a-nano-mallocr.o)
 .debug_line    0x000000000000423c      0x16f /usr/lib/gcc/arm-none-eabi/4.8/../../../arm-none-eabi/lib/armv7e-m/softfp/libc_nano.a(lib_a-sbrkr.o)
 .debug_line    0x00000000000043ab      0x1ac /usr/lib/gcc/arm-none-eabi/4.8/../../../arm-none-eabi/lib/armv7e-m/softfp/libc_nano.a(lib_a-reent.o)
 .debug_line    0x0000000000004557      0x5be /usr/lib/gcc/arm-none-eabi/4.8/../../../arm-none-eabi/lib/armv7e-m/softfp/librdimon_nano.a(rdimon-syscalls.o)
 .debug_line    0x0000000000004b15      0x112 /usr/lib/gcc/arm-none-eabi/4.8/../../../arm-none-eabi/lib/armv7e-m/softfp/libc_nano.a(lib_a-errno.o)
 .debug_line    0x0000000000004c27      0x2d1 /usr/lib/gcc/arm-none-eabi/4.8/../../../arm-none-eabi/lib/armv7e-m/softfp/libc_nano.a(lib_a-findfp.o)
 .debug_line    0x0000000000004ef8      0x17f /usr/lib/gcc/arm-none-eabi/4.8/armv7e-m/softfp/libgcc.a(_arm_addsubdf3.o)
 .debug_line    0x0000000000005077      0x1a3 /usr/lib/gcc/arm-none-eabi/4.8/armv7e-m/softfp/libgcc.a(_arm_muldivdf3.o)
 .debug_line    0x000000000000521a       0xc0 /usr/lib/gcc/arm-none-eabi/4.8/armv7e-m/softfp/libgcc.a(_arm_cmpdf2.o)
 .debug_line    0x00000000000052da       0x80 /usr/lib/gcc/arm-none-eabi/4.8/armv7e-m/softfp/libgcc.a(_arm_fixdfsi.o)

.debug_str      0x0000000000000000     0x2f8f
 .debug_str     0x0000000000000000      0x2ae build/system_stm32f3xx.o
                                        0x300 (size before relaxing)
 .debug_str     0x00000000000002ae      0x67f build/stm32f3xx_hal.o
                                        0x878 (size before relaxing)
 .debug_str     0x000000000000092d      0x4cf build/stm32f3xx_hal_can.o
                                        0x6f9 (size before relaxing)
 .debug_str     0x0000000000000dfc      0x392 build/stm32f3xx_hal_cortex.o
                                        0xb13 (size before relaxing)
 .debug_str     0x000000000000118e      0x1e6 build/stm32f3xx_hal_gpio.o
                                        0x437 (size before relaxing)
 .debug_str     0x0000000000001374      0x303 build/stm32f3xx_hal_rcc.o
                                        0x62d (size before relaxing)
 .debug_str     0x0000000000001677       0x68 build/main.o
                                        0xb15 (size before relaxing)
 .debug_str     0x00000000000016df       0x18 build/stm32f3xx_hal_msp.o
                                        0x989 (size before relaxing)
 .debug_str     0x00000000000016f7       0x23 build/stm32f3xx_it.o
                                        0x19a (size before relaxing)
 .debug_str     0x000000000000171a      0x4d0 /usr/lib/gcc/arm-none-eabi/4.8/../../../arm-none-eabi/lib/armv7e-m/softfp/libc_nano.a(lib_a-impure.o)
                                        0x5c6 (size before relaxing)
 .debug_str     0x0000000000001bea      0x109 /usr/lib/gcc/arm-none-eabi/4.8/../../../arm-none-eabi/lib/armv7e-m/softfp/libc_nano.a(lib_a-init.o)
                                        0x27d (size before relaxing)
 .debug_str     0x0000000000001cf3       0xb0 /usr/lib/gcc/arm-none-eabi/4.8/../../../arm-none-eabi/lib/armv7e-m/softfp/libc_nano.a(lib_a-memset.o)
                                        0x21e (size before relaxing)
 .debug_str     0x0000000000001da3      0x3cc /usr/lib/gcc/arm-none-eabi/4.8/../../../arm-none-eabi/lib/armv7e-m/softfp/libc_nano.a(lib_a-nano-vfprintf_float.o)
                                        0x893 (size before relaxing)
 .debug_str     0x000000000000216f       0x7e /usr/lib/gcc/arm-none-eabi/4.8/../../../arm-none-eabi/lib/armv7e-m/softfp/libc_nano.a(lib_a-nano-vfprintf_i.o)
                                        0x698 (size before relaxing)
 .debug_str     0x00000000000021ed       0xaf /usr/lib/gcc/arm-none-eabi/4.8/../../../arm-none-eabi/lib/armv7e-m/softfp/libc_nano.a(lib_a-s_fpclassify.o)
                                        0x248 (size before relaxing)
 .debug_str     0x000000000000229c       0xbe /usr/lib/gcc/arm-none-eabi/4.8/../../../arm-none-eabi/lib/armv7e-m/softfp/libc_nano.a(lib_a-strlen.o)
                                        0x233 (size before relaxing)
 .debug_str     0x000000000000235a      0x1d3 /usr/lib/gcc/arm-none-eabi/4.8/../../../arm-none-eabi/lib/armv7e-m/softfp/libc_nano.a(lib_a-dtoa.o)
                                        0x6e0 (size before relaxing)
 .debug_str     0x000000000000252d      0x190 /usr/lib/gcc/arm-none-eabi/4.8/../../../arm-none-eabi/lib/armv7e-m/softfp/libc_nano.a(lib_a-locale.o)
                                        0x7e4 (size before relaxing)
 .debug_str     0x00000000000026bd       0x4f /usr/lib/gcc/arm-none-eabi/4.8/../../../arm-none-eabi/lib/armv7e-m/softfp/libc_nano.a(lib_a-malloc.o)
                                        0x59b (size before relaxing)
 .debug_str     0x000000000000270c       0x52 /usr/lib/gcc/arm-none-eabi/4.8/../../../arm-none-eabi/lib/armv7e-m/softfp/libc_nano.a(lib_a-memcpy-stub.o)
                                        0x244 (size before relaxing)
 .debug_str     0x000000000000275e       0x9b /usr/lib/gcc/arm-none-eabi/4.8/../../../arm-none-eabi/lib/armv7e-m/softfp/libc_nano.a(lib_a-mprec.o)
                                        0x69a (size before relaxing)
 .debug_str     0x00000000000027f9       0x54 /usr/lib/gcc/arm-none-eabi/4.8/../../../arm-none-eabi/lib/armv7e-m/softfp/libc_nano.a(lib_a-nano-callocr.o)
                                        0x5a3 (size before relaxing)
 .debug_str     0x000000000000284d       0x70 /usr/lib/gcc/arm-none-eabi/4.8/../../../arm-none-eabi/lib/armv7e-m/softfp/libc_nano.a(lib_a-nano-mallocr.o)
                                        0x614 (size before relaxing)
 .debug_str     0x00000000000028bd       0x3a /usr/lib/gcc/arm-none-eabi/4.8/../../../arm-none-eabi/lib/armv7e-m/softfp/libc_nano.a(lib_a-sbrkr.o)
                                        0x57e (size before relaxing)
 .debug_str     0x00000000000028f7       0x5b /usr/lib/gcc/arm-none-eabi/4.8/../../../arm-none-eabi/lib/armv7e-m/softfp/libc_nano.a(lib_a-reent.o)
                                        0x5a6 (size before relaxing)
 .debug_str     0x0000000000002952      0x409 /usr/lib/gcc/arm-none-eabi/4.8/../../../arm-none-eabi/lib/armv7e-m/softfp/librdimon_nano.a(rdimon-syscalls.o)
                                        0x859 (size before relaxing)
 .debug_str     0x0000000000002d5b       0xa6 /usr/lib/gcc/arm-none-eabi/4.8/../../../arm-none-eabi/lib/armv7e-m/softfp/libc_nano.a(lib_a-errno.o)
                                        0x56f (size before relaxing)
 .debug_str     0x0000000000002e01      0x18e /usr/lib/gcc/arm-none-eabi/4.8/../../../arm-none-eabi/lib/armv7e-m/softfp/libc_nano.a(lib_a-findfp.o)
                                        0x765 (size before relaxing)

.debug_frame    0x0000000000000000     0x1634
 .debug_frame   0x0000000000000000       0x48 build/system_stm32f3xx.o
 .debug_frame   0x0000000000000048      0x22c build/stm32f3xx_hal.o
 .debug_frame   0x0000000000000274      0x248 build/stm32f3xx_hal_can.o
 .debug_frame   0x00000000000004bc      0x384 build/stm32f3xx_hal_cortex.o
 .debug_frame   0x0000000000000840       0xf4 build/stm32f3xx_hal_gpio.o
 .debug_frame   0x0000000000000934      0x1ac build/stm32f3xx_hal_rcc.o
 .debug_frame   0x0000000000000ae0       0xa8 build/main.o
 .debug_frame   0x0000000000000b88       0x70 build/stm32f3xx_hal_msp.o
 .debug_frame   0x0000000000000bf8       0x2c build/stm32f3xx_it.o
 .debug_frame   0x0000000000000c24       0x2c /usr/lib/gcc/arm-none-eabi/4.8/../../../arm-none-eabi/lib/armv7e-m/softfp/libc_nano.a(lib_a-init.o)
 .debug_frame   0x0000000000000c50       0x20 /usr/lib/gcc/arm-none-eabi/4.8/../../../arm-none-eabi/lib/armv7e-m/softfp/libc_nano.a(lib_a-memset.o)
 .debug_frame   0x0000000000000c70       0x80 /usr/lib/gcc/arm-none-eabi/4.8/../../../arm-none-eabi/lib/armv7e-m/softfp/libc_nano.a(lib_a-nano-vfprintf_float.o)
 .debug_frame   0x0000000000000cf0       0x60 /usr/lib/gcc/arm-none-eabi/4.8/../../../arm-none-eabi/lib/armv7e-m/softfp/libc_nano.a(lib_a-nano-vfprintf_i.o)
 .debug_frame   0x0000000000000d50       0x28 /usr/lib/gcc/arm-none-eabi/4.8/../../../arm-none-eabi/lib/armv7e-m/softfp/libc_nano.a(lib_a-s_fpclassify.o)
 .debug_frame   0x0000000000000d78       0x20 /usr/lib/gcc/arm-none-eabi/4.8/../../../arm-none-eabi/lib/armv7e-m/softfp/libc_nano.a(lib_a-strlen.o)
 .debug_frame   0x0000000000000d98       0x68 /usr/lib/gcc/arm-none-eabi/4.8/../../../arm-none-eabi/lib/armv7e-m/softfp/libc_nano.a(lib_a-dtoa.o)
 .debug_frame   0x0000000000000e00       0x98 /usr/lib/gcc/arm-none-eabi/4.8/../../../arm-none-eabi/lib/armv7e-m/softfp/libc_nano.a(lib_a-locale.o)
 .debug_frame   0x0000000000000e98       0x30 /usr/lib/gcc/arm-none-eabi/4.8/../../../arm-none-eabi/lib/armv7e-m/softfp/libc_nano.a(lib_a-malloc.o)
 .debug_frame   0x0000000000000ec8       0x28 /usr/lib/gcc/arm-none-eabi/4.8/../../../arm-none-eabi/lib/armv7e-m/softfp/libc_nano.a(lib_a-memcpy-stub.o)
 .debug_frame   0x0000000000000ef0      0x230 /usr/lib/gcc/arm-none-eabi/4.8/../../../arm-none-eabi/lib/armv7e-m/softfp/libc_nano.a(lib_a-mprec.o)
 .debug_frame   0x0000000000001120       0x2c /usr/lib/gcc/arm-none-eabi/4.8/../../../arm-none-eabi/lib/armv7e-m/softfp/libc_nano.a(lib_a-nano-callocr.o)
 .debug_frame   0x000000000000114c       0x2c /usr/lib/gcc/arm-none-eabi/4.8/../../../arm-none-eabi/lib/armv7e-m/softfp/libc_nano.a(lib_a-nano-mallocr.o)
 .debug_frame   0x0000000000001178       0x2c /usr/lib/gcc/arm-none-eabi/4.8/../../../arm-none-eabi/lib/armv7e-m/softfp/libc_nano.a(lib_a-sbrkr.o)
 .debug_frame   0x00000000000011a4       0x48 /usr/lib/gcc/arm-none-eabi/4.8/../../../arm-none-eabi/lib/armv7e-m/softfp/libc_nano.a(lib_a-reent.o)
 .debug_frame   0x00000000000011ec      0x30c /usr/lib/gcc/arm-none-eabi/4.8/../../../arm-none-eabi/lib/armv7e-m/softfp/librdimon_nano.a(rdimon-syscalls.o)
 .debug_frame   0x00000000000014f8       0x20 /usr/lib/gcc/arm-none-eabi/4.8/../../../arm-none-eabi/lib/armv7e-m/softfp/libc_nano.a(lib_a-errno.o)
 .debug_frame   0x0000000000001518      0x11c /usr/lib/gcc/arm-none-eabi/4.8/../../../arm-none-eabi/lib/armv7e-m/softfp/libc_nano.a(lib_a-findfp.o)

Cross Reference Table

Symbol                                            File
ADC1_2_IRQHandler                                 build/startup_stm32f303xc.o
ADC3_IRQHandler                                   build/startup_stm32f303xc.o
ADC4_IRQHandler                                   build/startup_stm32f303xc.o
AHBPrescTable                                     build/system_stm32f3xx.o
                                                  build/stm32f3xx_hal_rcc.o
APBPrescTable                                     build/system_stm32f3xx.o
                                                  build/stm32f3xx_hal_rcc.o
BusFault_Handler                                  build/startup_stm32f303xc.o
CAN_RX1_IRQHandler                                build/startup_stm32f303xc.o
CAN_SCE_IRQHandler                                build/startup_stm32f303xc.o
COMP1_2_3_IRQHandler                              build/startup_stm32f303xc.o
COMP4_5_6_IRQHandler                              build/startup_stm32f303xc.o
COMP7_IRQHandler                                  build/startup_stm32f303xc.o
DMA1_Channel1_IRQHandler                          build/startup_stm32f303xc.o
DMA1_Channel2_IRQHandler                          build/startup_stm32f303xc.o
DMA1_Channel3_IRQHandler                          build/startup_stm32f303xc.o
DMA1_Channel4_IRQHandler                          build/startup_stm32f303xc.o
DMA1_Channel5_IRQHandler                          build/startup_stm32f303xc.o
DMA1_Channel6_IRQHandler                          build/startup_stm32f303xc.o
DMA1_Channel7_IRQHandler                          build/startup_stm32f303xc.o
DMA2_Channel1_IRQHandler                          build/startup_stm32f303xc.o
DMA2_Channel2_IRQHandler                          build/startup_stm32f303xc.o
DMA2_Channel3_IRQHandler                          build/startup_stm32f303xc.o
DMA2_Channel4_IRQHandler                          build/startup_stm32f303xc.o
DMA2_Channel5_IRQHandler                          build/startup_stm32f303xc.o
DebugMon_Handler                                  build/startup_stm32f303xc.o
Default_Handler                                   build/startup_stm32f303xc.o
EXTI0_IRQHandler                                  build/startup_stm32f303xc.o
EXTI15_10_IRQHandler                              build/startup_stm32f303xc.o
EXTI1_IRQHandler                                  build/startup_stm32f303xc.o
EXTI2_TSC_IRQHandler                              build/startup_stm32f303xc.o
EXTI3_IRQHandler                                  build/startup_stm32f303xc.o
EXTI4_IRQHandler                                  build/startup_stm32f303xc.o
EXTI9_5_IRQHandler                                build/startup_stm32f303xc.o
Error_Handler                                     build/main.o
FLASH_IRQHandler                                  build/startup_stm32f303xc.o
FLASH_PageErase                                   build/stm32f3xx_hal_flash_ex.o
                                                  build/stm32f3xx_hal_flash.o
FLASH_WaitForLastOperation                        build/stm32f3xx_hal_flash.o
                                                  build/stm32f3xx_hal_flash_ex.o
FPU_IRQHandler                                    build/startup_stm32f303xc.o
HAL_CAN_ConfigFilter                              build/stm32f3xx_hal_can.o
HAL_CAN_DeInit                                    build/stm32f3xx_hal_can.o
HAL_CAN_ErrorCallback                             build/stm32f3xx_hal_can.o
HAL_CAN_GetError                                  build/stm32f3xx_hal_can.o
HAL_CAN_GetState                                  build/stm32f3xx_hal_can.o
HAL_CAN_IRQHandler                                build/stm32f3xx_hal_can.o
HAL_CAN_Init                                      build/stm32f3xx_hal_can.o
                                                  build/main.o
HAL_CAN_MspDeInit                                 build/stm32f3xx_hal_msp.o
                                                  build/stm32f3xx_hal_can.o
HAL_CAN_MspInit                                   build/stm32f3xx_hal_msp.o
                                                  build/stm32f3xx_hal_can.o
HAL_CAN_Receive                                   build/stm32f3xx_hal_can.o
                                                  build/main.o
HAL_CAN_Receive_IT                                build/stm32f3xx_hal_can.o
HAL_CAN_RxCpltCallback                            build/stm32f3xx_hal_can.o
HAL_CAN_Sleep                                     build/stm32f3xx_hal_can.o
HAL_CAN_Transmit                                  build/stm32f3xx_hal_can.o
                                                  build/main.o
HAL_CAN_Transmit_IT                               build/stm32f3xx_hal_can.o
HAL_CAN_TxCpltCallback                            build/stm32f3xx_hal_can.o
HAL_CAN_WakeUp                                    build/stm32f3xx_hal_can.o
HAL_DBGMCU_DisableDBGSleepMode                    build/stm32f3xx_hal.o
HAL_DBGMCU_DisableDBGStandbyMode                  build/stm32f3xx_hal.o
HAL_DBGMCU_DisableDBGStopMode                     build/stm32f3xx_hal.o
HAL_DBGMCU_EnableDBGSleepMode                     build/stm32f3xx_hal.o
HAL_DBGMCU_EnableDBGStandbyMode                   build/stm32f3xx_hal.o
HAL_DBGMCU_EnableDBGStopMode                      build/stm32f3xx_hal.o
HAL_DMA_Abort                                     build/stm32f3xx_hal_dma.o
HAL_DMA_Abort_IT                                  build/stm32f3xx_hal_dma.o
                                                  build/stm32f3xx_hal_i2c.o
HAL_DMA_DeInit                                    build/stm32f3xx_hal_dma.o
HAL_DMA_GetError                                  build/stm32f3xx_hal_dma.o
HAL_DMA_GetState                                  build/stm32f3xx_hal_dma.o
HAL_DMA_IRQHandler                                build/stm32f3xx_hal_dma.o
HAL_DMA_Init                                      build/stm32f3xx_hal_dma.o
HAL_DMA_PollForTransfer                           build/stm32f3xx_hal_dma.o
HAL_DMA_Start                                     build/stm32f3xx_hal_dma.o
HAL_DMA_Start_IT                                  build/stm32f3xx_hal_dma.o
                                                  build/stm32f3xx_hal_i2c.o
HAL_DeInit                                        build/stm32f3xx_hal.o
HAL_Delay                                         build/stm32f3xx_hal.o
                                                  build/main.o
HAL_FLASHEx_Erase                                 build/stm32f3xx_hal_flash_ex.o
HAL_FLASHEx_Erase_IT                              build/stm32f3xx_hal_flash_ex.o
HAL_FLASHEx_OBErase                               build/stm32f3xx_hal_flash_ex.o
HAL_FLASHEx_OBGetConfig                           build/stm32f3xx_hal_flash_ex.o
HAL_FLASHEx_OBGetUserData                         build/stm32f3xx_hal_flash_ex.o
HAL_FLASHEx_OBProgram                             build/stm32f3xx_hal_flash_ex.o
HAL_FLASH_EndOfOperationCallback                  build/stm32f3xx_hal_flash.o
HAL_FLASH_GetError                                build/stm32f3xx_hal_flash.o
HAL_FLASH_IRQHandler                              build/stm32f3xx_hal_flash.o
HAL_FLASH_Lock                                    build/stm32f3xx_hal_flash.o
HAL_FLASH_OB_Launch                               build/stm32f3xx_hal_flash.o
HAL_FLASH_OB_Lock                                 build/stm32f3xx_hal_flash.o
HAL_FLASH_OB_Unlock                               build/stm32f3xx_hal_flash.o
HAL_FLASH_OperationErrorCallback                  build/stm32f3xx_hal_flash.o
HAL_FLASH_Program                                 build/stm32f3xx_hal_flash.o
HAL_FLASH_Program_IT                              build/stm32f3xx_hal_flash.o
HAL_FLASH_Unlock                                  build/stm32f3xx_hal_flash.o
HAL_GPIO_DeInit                                   build/stm32f3xx_hal_gpio.o
                                                  build/stm32f3xx_hal_msp.o
HAL_GPIO_EXTI_Callback                            build/stm32f3xx_hal_gpio.o
HAL_GPIO_EXTI_IRQHandler                          build/stm32f3xx_hal_gpio.o
HAL_GPIO_Init                                     build/stm32f3xx_hal_gpio.o
                                                  build/stm32f3xx_hal_msp.o
                                                  build/main.o
                                                  build/stm32f3xx_hal_rcc.o
HAL_GPIO_LockPin                                  build/stm32f3xx_hal_gpio.o
HAL_GPIO_ReadPin                                  build/stm32f3xx_hal_gpio.o
HAL_GPIO_TogglePin                                build/stm32f3xx_hal_gpio.o
HAL_GPIO_WritePin                                 build/stm32f3xx_hal_gpio.o
                                                  build/main.o
HAL_GetDEVID                                      build/stm32f3xx_hal.o
HAL_GetHalVersion                                 build/stm32f3xx_hal.o
HAL_GetREVID                                      build/stm32f3xx_hal.o
HAL_GetTick                                       build/stm32f3xx_hal.o
                                                  build/stm32f3xx_hal_rcc_ex.o
                                                  build/stm32f3xx_hal_rcc.o
                                                  build/stm32f3xx_hal_i2c.o
                                                  build/stm32f3xx_hal_flash.o
                                                  build/stm32f3xx_hal_dma.o
                                                  build/stm32f3xx_hal_can.o
HAL_I2CEx_ConfigAnalogFilter                      build/stm32f3xx_hal_i2c_ex.o
HAL_I2CEx_ConfigDigitalFilter                     build/stm32f3xx_hal_i2c_ex.o
HAL_I2CEx_DisableFastModePlus                     build/stm32f3xx_hal_i2c_ex.o
HAL_I2CEx_DisableWakeUp                           build/stm32f3xx_hal_i2c_ex.o
HAL_I2CEx_EnableFastModePlus                      build/stm32f3xx_hal_i2c_ex.o
HAL_I2CEx_EnableWakeUp                            build/stm32f3xx_hal_i2c_ex.o
HAL_I2C_AbortCpltCallback                         build/stm32f3xx_hal_i2c.o
HAL_I2C_AddrCallback                              build/stm32f3xx_hal_i2c.o
HAL_I2C_DeInit                                    build/stm32f3xx_hal_i2c.o
HAL_I2C_DisableListen_IT                          build/stm32f3xx_hal_i2c.o
HAL_I2C_ER_IRQHandler                             build/stm32f3xx_hal_i2c.o
HAL_I2C_EV_IRQHandler                             build/stm32f3xx_hal_i2c.o
HAL_I2C_EnableListen_IT                           build/stm32f3xx_hal_i2c.o
HAL_I2C_ErrorCallback                             build/stm32f3xx_hal_i2c.o
HAL_I2C_GetError                                  build/stm32f3xx_hal_i2c.o
HAL_I2C_GetMode                                   build/stm32f3xx_hal_i2c.o
HAL_I2C_GetState                                  build/stm32f3xx_hal_i2c.o
HAL_I2C_Init                                      build/stm32f3xx_hal_i2c.o
HAL_I2C_IsDeviceReady                             build/stm32f3xx_hal_i2c.o
HAL_I2C_ListenCpltCallback                        build/stm32f3xx_hal_i2c.o
HAL_I2C_MasterRxCpltCallback                      build/stm32f3xx_hal_i2c.o
HAL_I2C_MasterTxCpltCallback                      build/stm32f3xx_hal_i2c.o
HAL_I2C_Master_Abort_IT                           build/stm32f3xx_hal_i2c.o
HAL_I2C_Master_Receive                            build/stm32f3xx_hal_i2c.o
HAL_I2C_Master_Receive_DMA                        build/stm32f3xx_hal_i2c.o
HAL_I2C_Master_Receive_IT                         build/stm32f3xx_hal_i2c.o
HAL_I2C_Master_Sequential_Receive_IT              build/stm32f3xx_hal_i2c.o
HAL_I2C_Master_Sequential_Transmit_IT             build/stm32f3xx_hal_i2c.o
HAL_I2C_Master_Transmit                           build/stm32f3xx_hal_i2c.o
HAL_I2C_Master_Transmit_DMA                       build/stm32f3xx_hal_i2c.o
HAL_I2C_Master_Transmit_IT                        build/stm32f3xx_hal_i2c.o
HAL_I2C_MemRxCpltCallback                         build/stm32f3xx_hal_i2c.o
HAL_I2C_MemTxCpltCallback                         build/stm32f3xx_hal_i2c.o
HAL_I2C_Mem_Read                                  build/stm32f3xx_hal_i2c.o
HAL_I2C_Mem_Read_DMA                              build/stm32f3xx_hal_i2c.o
HAL_I2C_Mem_Read_IT                               build/stm32f3xx_hal_i2c.o
HAL_I2C_Mem_Write                                 build/stm32f3xx_hal_i2c.o
HAL_I2C_Mem_Write_DMA                             build/stm32f3xx_hal_i2c.o
HAL_I2C_Mem_Write_IT                              build/stm32f3xx_hal_i2c.o
HAL_I2C_MspDeInit                                 build/stm32f3xx_hal_i2c.o
HAL_I2C_MspInit                                   build/stm32f3xx_hal_i2c.o
HAL_I2C_SlaveRxCpltCallback                       build/stm32f3xx_hal_i2c.o
HAL_I2C_SlaveTxCpltCallback                       build/stm32f3xx_hal_i2c.o
HAL_I2C_Slave_Receive                             build/stm32f3xx_hal_i2c.o
HAL_I2C_Slave_Receive_DMA                         build/stm32f3xx_hal_i2c.o
HAL_I2C_Slave_Receive_IT                          build/stm32f3xx_hal_i2c.o
HAL_I2C_Slave_Sequential_Receive_IT               build/stm32f3xx_hal_i2c.o
HAL_I2C_Slave_Sequential_Transmit_IT              build/stm32f3xx_hal_i2c.o
HAL_I2C_Slave_Transmit                            build/stm32f3xx_hal_i2c.o
HAL_I2C_Slave_Transmit_DMA                        build/stm32f3xx_hal_i2c.o
HAL_I2C_Slave_Transmit_IT                         build/stm32f3xx_hal_i2c.o
HAL_IncTick                                       build/stm32f3xx_hal.o
                                                  build/stm32f3xx_it.o
HAL_Init                                          build/stm32f3xx_hal.o
                                                  build/main.o
HAL_InitTick                                      build/stm32f3xx_hal.o
                                                  build/stm32f3xx_hal_rcc.o
HAL_MPU_ConfigRegion                              build/stm32f3xx_hal_cortex.o
HAL_MspDeInit                                     build/stm32f3xx_hal.o
HAL_MspInit                                       build/stm32f3xx_hal_msp.o
                                                  build/stm32f3xx_hal.o
HAL_NVIC_ClearPendingIRQ                          build/stm32f3xx_hal_cortex.o
HAL_NVIC_DisableIRQ                               build/stm32f3xx_hal_cortex.o
HAL_NVIC_EnableIRQ                                build/stm32f3xx_hal_cortex.o
HAL_NVIC_GetActive                                build/stm32f3xx_hal_cortex.o
HAL_NVIC_GetPendingIRQ                            build/stm32f3xx_hal_cortex.o
HAL_NVIC_GetPriority                              build/stm32f3xx_hal_cortex.o
HAL_NVIC_GetPriorityGrouping                      build/stm32f3xx_hal_cortex.o
HAL_NVIC_SetPendingIRQ                            build/stm32f3xx_hal_cortex.o
HAL_NVIC_SetPriority                              build/stm32f3xx_hal_cortex.o
                                                  build/stm32f3xx_hal_msp.o
                                                  build/main.o
                                                  build/stm32f3xx_hal.o
HAL_NVIC_SetPriorityGrouping                      build/stm32f3xx_hal_cortex.o
                                                  build/stm32f3xx_hal_msp.o
                                                  build/stm32f3xx_hal.o
HAL_NVIC_SystemReset                              build/stm32f3xx_hal_cortex.o
HAL_PWR_ConfigPVD                                 build/stm32f3xx_hal_pwr_ex.o
HAL_PWR_DeInit                                    build/stm32f3xx_hal_pwr.o
HAL_PWR_DisableBkUpAccess                         build/stm32f3xx_hal_pwr.o
HAL_PWR_DisablePVD                                build/stm32f3xx_hal_pwr_ex.o
HAL_PWR_DisableSEVOnPend                          build/stm32f3xx_hal_pwr.o
HAL_PWR_DisableSleepOnExit                        build/stm32f3xx_hal_pwr.o
HAL_PWR_DisableWakeUpPin                          build/stm32f3xx_hal_pwr.o
HAL_PWR_EnableBkUpAccess                          build/stm32f3xx_hal_pwr.o
HAL_PWR_EnablePVD                                 build/stm32f3xx_hal_pwr_ex.o
HAL_PWR_EnableSEVOnPend                           build/stm32f3xx_hal_pwr.o
HAL_PWR_EnableSleepOnExit                         build/stm32f3xx_hal_pwr.o
HAL_PWR_EnableWakeUpPin                           build/stm32f3xx_hal_pwr.o
HAL_PWR_EnterSLEEPMode                            build/stm32f3xx_hal_pwr.o
HAL_PWR_EnterSTANDBYMode                          build/stm32f3xx_hal_pwr.o
HAL_PWR_EnterSTOPMode                             build/stm32f3xx_hal_pwr.o
HAL_PWR_PVDCallback                               build/stm32f3xx_hal_pwr_ex.o
HAL_PWR_PVD_IRQHandler                            build/stm32f3xx_hal_pwr_ex.o
HAL_RCCEx_GetPeriphCLKConfig                      build/stm32f3xx_hal_rcc_ex.o
HAL_RCCEx_GetPeriphCLKFreq                        build/stm32f3xx_hal_rcc_ex.o
HAL_RCCEx_PeriphCLKConfig                         build/stm32f3xx_hal_rcc_ex.o
HAL_RCC_CSSCallback                               build/stm32f3xx_hal_rcc.o
HAL_RCC_ClockConfig                               build/stm32f3xx_hal_rcc.o
                                                  build/main.o
HAL_RCC_DeInit                                    build/stm32f3xx_hal_rcc.o
HAL_RCC_DisableCSS                                build/stm32f3xx_hal_rcc.o
HAL_RCC_EnableCSS                                 build/stm32f3xx_hal_rcc.o
HAL_RCC_GetClockConfig                            build/stm32f3xx_hal_rcc.o
HAL_RCC_GetHCLKFreq                               build/stm32f3xx_hal_rcc.o
                                                  build/main.o
HAL_RCC_GetOscConfig                              build/stm32f3xx_hal_rcc.o
HAL_RCC_GetPCLK1Freq                              build/stm32f3xx_hal_rcc.o
                                                  build/stm32f3xx_hal_rcc_ex.o
HAL_RCC_GetPCLK2Freq                              build/stm32f3xx_hal_rcc.o
                                                  build/stm32f3xx_hal_rcc_ex.o
HAL_RCC_GetSysClockFreq                           build/stm32f3xx_hal_rcc.o
                                                  build/stm32f3xx_hal_rcc_ex.o
HAL_RCC_MCOConfig                                 build/stm32f3xx_hal_rcc.o
HAL_RCC_NMI_IRQHandler                            build/stm32f3xx_hal_rcc.o
HAL_RCC_OscConfig                                 build/stm32f3xx_hal_rcc.o
                                                  build/main.o
HAL_ResumeTick                                    build/stm32f3xx_hal.o
HAL_SYSTICK_CLKSourceConfig                       build/stm32f3xx_hal_cortex.o
                                                  build/main.o
HAL_SYSTICK_Callback                              build/stm32f3xx_hal_cortex.o
HAL_SYSTICK_Config                                build/stm32f3xx_hal_cortex.o
                                                  build/main.o
                                                  build/stm32f3xx_hal.o
HAL_SYSTICK_IRQHandler                            build/stm32f3xx_hal_cortex.o
                                                  build/stm32f3xx_it.o
HAL_SuspendTick                                   build/stm32f3xx_hal.o
HardFault_Handler                                 build/startup_stm32f303xc.o
I2C1_ER_IRQHandler                                build/startup_stm32f303xc.o
I2C1_EV_IRQHandler                                build/startup_stm32f303xc.o
I2C2_ER_IRQHandler                                build/startup_stm32f303xc.o
I2C2_EV_IRQHandler                                build/startup_stm32f303xc.o
MemManage_Handler                                 build/startup_stm32f303xc.o
NMI_Handler                                       build/startup_stm32f303xc.o
PVD_IRQHandler                                    build/startup_stm32f303xc.o
PendSV_Handler                                    build/startup_stm32f303xc.o
RCC_IRQHandler                                    build/startup_stm32f303xc.o